sat

(objectives
 (|c::main::main::1::x@1!0&0#302| (fp #b0 #b00000000 #b00000000000000000000001))
)
(model
  (define-fun |c::main::main::1::x@1!0&0#1| () (_ FloatingPoint 8 24) (fp #b0 #b01111111 #b00000000000000000000000))
  (define-fun |c::main::main::1::x1@1!0&0#1| () (_ FloatingPoint 8 24) (fp #b0 #b01111110 #b01000000000000000000000))
  (define-fun |goto_symex::guard@0!0&0#1| () Bool true)
  (define-fun |c::main::main::1::x@1!0&0#2| () (_ FloatingPoint 8 24) (fp #b0 #b01111110 #b01000000000000000000000))
  (define-fun |c::main::main::1::x1@1!0&0#2| () (_ FloatingPoint 8 24) (fp #b0 #b01111101 #b10010000000000000000000))
  (define-fun |goto_symex::guard@0!0&0#2| () Bool true)
  (define-fun |c::main::main::1::x@1!0&0#3| () (_ FloatingPoint 8 24) (fp #b0 #b01111101 #b10010000000000000000000))
  (define-fun |c::main::main::1::x1@1!0&0#3| () (_ FloatingPoint 8 24) (fp #b0 #b01111100 #b11110100000000000000000))
  (define-fun |goto_symex::guard@0!0&0#3| () Bool true)
  (define-fun |c::main::main::1::x@1!0&0#4| () (_ FloatingPoint 8 24) (fp #b0 #b01111100 #b11110100000000000000000))
  (define-fun |c::main::main::1::x1@1!0&0#4| () (_ FloatingPoint 8 24) (fp #b0 #b01111100 #b00111000100000000000000))
  (define-fun |goto_symex::guard@0!0&0#4| () Bool true)
  (define-fun |c::main::main::1::x@1!0&0#5| () (_ FloatingPoint 8 24) (fp #b0 #b01111100 #b00111000100000000000000))
  (define-fun |c::main::main::1::x1@1!0&0#5| () (_ FloatingPoint 8 24) (fp #b0 #b01111011 #b10000110101000000000000))
  (define-fun |goto_symex::guard@0!0&0#5| () Bool true)
  (define-fun |c::main::main::1::x@1!0&0#6| () (_ FloatingPoint 8 24) (fp #b0 #b01111011 #b10000110101000000000000))
  (define-fun |c::main::main::1::x1@1!0&0#6| () (_ FloatingPoint 8 24) (fp #b0 #b01111010 #b11101000010010000000000))
  (define-fun |goto_symex::guard@0!0&0#6| () Bool true)
  (define-fun |c::main::main::1::x@1!0&0#7| () (_ FloatingPoint 8 24) (fp #b0 #b01111010 #b11101000010010000000000))
  (define-fun |c::main::main::1::x1@1!0&0#7| () (_ FloatingPoint 8 24) (fp #b0 #b01111010 #b00110001001011010000000))
  (define-fun |goto_symex::guard@0!0&0#7| () Bool true)
  (define-fun |c::main::main::1::x@1!0&0#8| () (_ FloatingPoint 8 24) (fp #b0 #b01111010 #b00110001001011010000000))
  (define-fun |c::main::main::1::x1@1!0&0#8| () (_ FloatingPoint 8 24) (fp #b0 #b01111001 #b01111101011110000100000))
  (define-fun |goto_symex::guard@0!0&0#8| () Bool true)
  (define-fun |c::main::main::1::x@1!0&0#9| () (_ FloatingPoint 8 24) (fp #b0 #b01111001 #b01111101011110000100000))
  (define-fun |c::main::main::1::x1@1!0&0#9| () (_ FloatingPoint 8 24) (fp #b0 #b01111000 #b11011100110101100101000))
  (define-fun |goto_symex::guard@0!0&0#9| () Bool true)
  (define-fun |c::main::main::1::x@1!0&0#10| () (_ FloatingPoint 8 24) (fp #b0 #b01111000 #b11011100110101100101000))
  (define-fun |c::main::main::1::x1@1!0&0#10| () (_ FloatingPoint 8 24) (fp #b0 #b01111000 #b00101010000001011111001))
  (define-fun |goto_symex::guard@0!0&0#10| () Bool true)
  (define-fun |c::main::main::1::x@1!0&0#11| () (_ FloatingPoint 8 24) (fp #b0 #b01111000 #b00101010000001011111001))
  (define-fun |c::main::main::1::x1@1!0&0#11| () (_ FloatingPoint 8 24) (fp #b0 #b01110111 #b01110100100001110110111))
  (define-fun |goto_symex::guard@0!0&0#11| () Bool true)
  (define-fun |c::main::main::1::x@1!0&0#12| () (_ FloatingPoint 8 24) (fp #b0 #b01110111 #b01110100100001110110111))
  (define-fun |c::main::main::1::x1@1!0&0#12| () (_ FloatingPoint 8 24) (fp #b0 #b01110110 #b11010001101010010100101))
  (define-fun |goto_symex::guard@0!0&0#12| () Bool true)
  (define-fun |c::main::main::1::x@1!0&0#13| () (_ FloatingPoint 8 24) (fp #b0 #b01110110 #b11010001101010010100101))
  (define-fun |c::main::main::1::x1@1!0&0#13| () (_ FloatingPoint 8 24) (fp #b0 #b01110110 #b00100011000010011100111))
  (define-fun |goto_symex::guard@0!0&0#13| () Bool true)
  (define-fun |c::main::main::1::x@1!0&0#14| () (_ FloatingPoint 8 24) (fp #b0 #b01110110 #b00100011000010011100111))
  (define-fun |c::main::main::1::x1@1!0&0#14| () (_ FloatingPoint 8 24) (fp #b0 #b01110101 #b01101011110011000100001))
  (define-fun |goto_symex::guard@0!0&0#14| () Bool true)
  (define-fun |c::main::main::1::x@1!0&0#15| () (_ FloatingPoint 8 24) (fp #b0 #b01110101 #b01101011110011000100001))
  (define-fun |c::main::main::1::x1@1!0&0#15| () (_ FloatingPoint 8 24) (fp #b0 #b01110100 #b11000110101111110101001))
  (define-fun |goto_symex::guard@0!0&0#15| () Bool true)
  (define-fun |c::main::main::1::x@1!0&0#16| () (_ FloatingPoint 8 24) (fp #b0 #b01110100 #b11000110101111110101001))
  (define-fun |c::main::main::1::x1@1!0&0#16| () (_ FloatingPoint 8 24) (fp #b0 #b01110100 #b00011100001101111001001))
  (define-fun |goto_symex::guard@0!0&0#16| () Bool true)
  (define-fun |c::main::main::1::x@1!0&0#17| () (_ FloatingPoint 8 24) (fp #b0 #b01110100 #b00011100001101111001001))
  (define-fun |c::main::main::1::x1@1!0&0#17| () (_ FloatingPoint 8 24) (fp #b0 #b01110011 #b01100011010001010111011))
  (define-fun |goto_symex::guard@0!0&0#17| () Bool true)
  (define-fun |c::main::main::1::x@1!0&0#18| () (_ FloatingPoint 8 24) (fp #b0 #b01110011 #b01100011010001010111011))
  (define-fun |c::main::main::1::x1@1!0&0#18| () (_ FloatingPoint 8 24) (fp #b0 #b01110010 #b10111100000101101101010))
  (define-fun |goto_symex::guard@0!0&0#18| () Bool true)
  (define-fun |c::main::main::1::x@1!0&0#19| () (_ FloatingPoint 8 24) (fp #b0 #b01110010 #b10111100000101101101010))
  (define-fun |c::main::main::1::x1@1!0&0#19| () (_ FloatingPoint 8 24) (fp #b0 #b01110010 #b00010101100011100100010))
  (define-fun |goto_symex::guard@0!0&0#19| () Bool true)
  (define-fun |c::main::main::1::x@1!0&0#20| () (_ FloatingPoint 8 24) (fp #b0 #b01110010 #b00010101100011100100010))
  (define-fun |c::main::main::1::x1@1!0&0#20| () (_ FloatingPoint 8 24) (fp #b0 #b01110001 #b01011010111100011101010))
  (define-fun |goto_symex::guard@0!0&0#20| () Bool true)
  (define-fun |c::main::main::1::x@1!0&0#21| () (_ FloatingPoint 8 24) (fp #b0 #b01110001 #b01011010111100011101010))
  (define-fun |c::main::main::1::x1@1!0&0#21| () (_ FloatingPoint 8 24) (fp #b0 #b01110000 #b10110001101011100100100))
  (define-fun |goto_symex::guard@0!0&0#21| () Bool true)
  (define-fun |c::main::main::1::x@1!0&0#22| () (_ FloatingPoint 8 24) (fp #b0 #b01110000 #b10110001101011100100100))
  (define-fun |c::main::main::1::x1@1!0&0#22| () (_ FloatingPoint 8 24) (fp #b0 #b01110000 #b00001111000011001110110))
  (define-fun |goto_symex::guard@0!0&0#22| () Bool true)
  (define-fun |c::main::main::1::x@1!0&0#23| () (_ FloatingPoint 8 24) (fp #b0 #b01110000 #b00001111000011001110110))
  (define-fun |c::main::main::1::x1@1!0&0#23| () (_ FloatingPoint 8 24) (fp #b0 #b01101111 #b01010010110100000010011))
  (define-fun |goto_symex::guard@0!0&0#23| () Bool true)
  (define-fun |c::main::main::1::x@1!0&0#24| () (_ FloatingPoint 8 24) (fp #b0 #b01101111 #b01010010110100000010011))
  (define-fun |c::main::main::1::x1@1!0&0#24| () (_ FloatingPoint 8 24) (fp #b0 #b01101110 #b10100111100001000011000))
  (define-fun |goto_symex::guard@0!0&0#24| () Bool true)
  (define-fun |c::main::main::1::x@1!0&0#25| () (_ FloatingPoint 8 24) (fp #b0 #b01101110 #b10100111100001000011000))
  (define-fun |c::main::main::1::x1@1!0&0#25| () (_ FloatingPoint 8 24) (fp #b0 #b01101110 #b00001000101100101001111))
  (define-fun |goto_symex::guard@0!0&0#25| () Bool true)
  (define-fun |c::main::main::1::x@1!0&0#26| () (_ FloatingPoint 8 24) (fp #b0 #b01101110 #b00001000101100101001111))
  (define-fun |c::main::main::1::x1@1!0&0#26| () (_ FloatingPoint 8 24) (fp #b0 #b01101101 #b01001010110111110100011))
  (define-fun |goto_symex::guard@0!0&0#26| () Bool true)
  (define-fun |c::main::main::1::x@1!0&0#27| () (_ FloatingPoint 8 24) (fp #b0 #b01101101 #b01001010110111110100011))
  (define-fun |c::main::main::1::x1@1!0&0#27| () (_ FloatingPoint 8 24) (fp #b0 #b01101100 #b10011101100101110001100))
  (define-fun |goto_symex::guard@0!0&0#27| () Bool true)
  (define-fun |c::main::main::1::x@1!0&0#28| () (_ FloatingPoint 8 24) (fp #b0 #b01101100 #b10011101100101110001100))
  (define-fun |c::main::main::1::x1@1!0&0#28| () (_ FloatingPoint 8 24) (fp #b0 #b01101100 #b00000010011111100110111))
  (define-fun |goto_symex::guard@0!0&0#28| () Bool true)
  (define-fun |c::main::main::1::x@1!0&0#29| () (_ FloatingPoint 8 24) (fp #b0 #b01101100 #b00000010011111100110111))
  (define-fun |c::main::main::1::x1@1!0&0#29| () (_ FloatingPoint 8 24) (fp #b0 #b01101011 #b01000011000111100000101))
  (define-fun |goto_symex::guard@0!0&0#29| () Bool true)
  (define-fun |c::main::main::1::x@1!0&0#30| () (_ FloatingPoint 8 24) (fp #b0 #b01101011 #b01000011000111100000101))
  (define-fun |c::main::main::1::x1@1!0&0#30| () (_ FloatingPoint 8 24) (fp #b0 #b01101010 #b10010011111001011000110))
  (define-fun |goto_symex::guard@0!0&0#30| () Bool true)
  (define-fun |c::main::main::1::x@1!0&0#31| () (_ FloatingPoint 8 24) (fp #b0 #b01101010 #b10010011111001011000110))
  (define-fun |c::main::main::1::x1@1!0&0#31| () (_ FloatingPoint 8 24) (fp #b0 #b01101001 #b11111000110111101110111))
  (define-fun |goto_symex::guard@0!0&0#31| () Bool true)
  (define-fun |c::main::main::1::x@1!0&0#32| () (_ FloatingPoint 8 24) (fp #b0 #b01101001 #b11111000110111101110111))
  (define-fun |c::main::main::1::x1@1!0&0#32| () (_ FloatingPoint 8 24) (fp #b0 #b01101001 #b00111011100010110101010))
  (define-fun |goto_symex::guard@0!0&0#32| () Bool true)
  (define-fun |c::main::main::1::x@1!0&0#33| () (_ FloatingPoint 8 24) (fp #b0 #b01101001 #b00111011100010110101010))
  (define-fun |c::main::main::1::x1@1!0&0#33| () (_ FloatingPoint 8 24) (fp #b0 #b01101000 #b10001010011011100010100))
  (define-fun |goto_symex::guard@0!0&0#33| () Bool true)
  (define-fun |c::main::main::1::x@1!0&0#34| () (_ FloatingPoint 8 24) (fp #b0 #b01101000 #b10001010011011100010100))
  (define-fun |c::main::main::1::x1@1!0&0#34| () (_ FloatingPoint 8 24) (fp #b0 #b01100111 #b11101101000010011011001))
  (define-fun |goto_symex::guard@0!0&0#34| () Bool true)
  (define-fun |c::main::main::1::x@1!0&0#35| () (_ FloatingPoint 8 24) (fp #b0 #b01100111 #b11101101000010011011001))
  (define-fun |c::main::main::1::x1@1!0&0#35| () (_ FloatingPoint 8 24) (fp #b0 #b01100111 #b00110100001001100000111))
  (define-fun |goto_symex::guard@0!0&0#35| () Bool true)
  (define-fun |c::main::main::1::x@1!0&0#36| () (_ FloatingPoint 8 24) (fp #b0 #b01100111 #b00110100001001100000111))
  (define-fun |c::main::main::1::x1@1!0&0#36| () (_ FloatingPoint 8 24) (fp #b0 #b01100110 #b10000001001011111001001))
  (define-fun |goto_symex::guard@0!0&0#36| () Bool true)
  (define-fun |c::main::main::1::x@1!0&0#37| () (_ FloatingPoint 8 24) (fp #b0 #b01100110 #b10000001001011111001001))
  (define-fun |c::main::main::1::x1@1!0&0#37| () (_ FloatingPoint 8 24) (fp #b0 #b01100101 #b11100001011110110111011))
  (define-fun |goto_symex::guard@0!0&0#37| () Bool true)
  (define-fun |c::main::main::1::x@1!0&0#38| () (_ FloatingPoint 8 24) (fp #b0 #b01100101 #b11100001011110110111011))
  (define-fun |c::main::main::1::x1@1!0&0#38| () (_ FloatingPoint 8 24) (fp #b0 #b01100101 #b00101100111011010010101))
  (define-fun |goto_symex::guard@0!0&0#38| () Bool true)
  (define-fun |c::main::main::1::x@1!0&0#39| () (_ FloatingPoint 8 24) (fp #b0 #b01100101 #b00101100111011010010101))
  (define-fun |c::main::main::1::x1@1!0&0#39| () (_ FloatingPoint 8 24) (fp #b0 #b01100100 #b01111000001010000111010))
  (define-fun |goto_symex::guard@0!0&0#39| () Bool true)
  (define-fun |c::main::main::1::x@1!0&0#40| () (_ FloatingPoint 8 24) (fp #b0 #b01100100 #b01111000001010000111010))
  (define-fun |c::main::main::1::x1@1!0&0#40| () (_ FloatingPoint 8 24) (fp #b0 #b01100011 #b11010110001100101001000))
  (define-fun |goto_symex::guard@0!0&0#40| () Bool true)
  (define-fun |c::main::main::1::x@1!0&0#41| () (_ FloatingPoint 8 24) (fp #b0 #b01100011 #b11010110001100101001000))
  (define-fun |c::main::main::1::x1@1!0&0#41| () (_ FloatingPoint 8 24) (fp #b0 #b01100011 #b00100101110111111001101))
  (define-fun |goto_symex::guard@0!0&0#41| () Bool true)
  (define-fun |c::main::main::1::x@1!0&0#42| () (_ FloatingPoint 8 24) (fp #b0 #b01100011 #b00100101110111111001101))
  (define-fun |c::main::main::1::x1@1!0&0#42| () (_ FloatingPoint 8 24) (fp #b0 #b01100010 #b01101111010101111000000))
  (define-fun |goto_symex::guard@0!0&0#42| () Bool true)
  (define-fun |c::main::main::1::x@1!0&0#43| () (_ FloatingPoint 8 24) (fp #b0 #b01100010 #b01101111010101111000000))
  (define-fun |c::main::main::1::x1@1!0&0#43| () (_ FloatingPoint 8 24) (fp #b0 #b01100001 #b11001011001011010110000))
  (define-fun |goto_symex::guard@0!0&0#43| () Bool true)
  (define-fun |c::main::main::1::x@1!0&0#44| () (_ FloatingPoint 8 24) (fp #b0 #b01100001 #b11001011001011010110000))
  (define-fun |c::main::main::1::x1@1!0&0#44| () (_ FloatingPoint 8 24) (fp #b0 #b01100001 #b00011110111111000101110))
  (define-fun |goto_symex::guard@0!0&0#44| () Bool true)
  (define-fun |c::main::main::1::x@1!0&0#45| () (_ FloatingPoint 8 24) (fp #b0 #b01100001 #b00011110111111000101110))
  (define-fun |c::main::main::1::x1@1!0&0#45| () (_ FloatingPoint 8 24) (fp #b0 #b01100000 #b01100110101110110111001))
  (define-fun |goto_symex::guard@0!0&0#45| () Bool true)
  (define-fun |c::main::main::1::x@1!0&0#46| () (_ FloatingPoint 8 24) (fp #b0 #b01100000 #b01100110101110110111001))
  (define-fun |c::main::main::1::x1@1!0&0#46| () (_ FloatingPoint 8 24) (fp #b0 #b01011111 #b11000000011010100100111))
  (define-fun |goto_symex::guard@0!0&0#46| () Bool true)
  (define-fun |c::main::main::1::x@1!0&0#47| () (_ FloatingPoint 8 24) (fp #b0 #b01011111 #b11000000011010100100111))
  (define-fun |c::main::main::1::x1@1!0&0#47| () (_ FloatingPoint 8 24) (fp #b0 #b01011111 #b00011000010000100111000))
  (define-fun |goto_symex::guard@0!0&0#47| () Bool true)
  (define-fun |c::main::main::1::x@1!0&0#48| () (_ FloatingPoint 8 24) (fp #b0 #b01011111 #b00011000010000100111000))
  (define-fun |c::main::main::1::x1@1!0&0#48| () (_ FloatingPoint 8 24) (fp #b0 #b01011110 #b01011110010100110000110))
  (define-fun |goto_symex::guard@0!0&0#48| () Bool true)
  (define-fun |c::main::main::1::x@1!0&0#49| () (_ FloatingPoint 8 24) (fp #b0 #b01011110 #b01011110010100110000110))
  (define-fun |c::main::main::1::x1@1!0&0#49| () (_ FloatingPoint 8 24) (fp #b0 #b01011101 #b10110101111001111100111))
  (define-fun |goto_symex::guard@0!0&0#49| () Bool true)
  (define-fun |c::main::main::1::x@1!0&0#50| () (_ FloatingPoint 8 24) (fp #b0 #b01011101 #b10110101111001111100111))
  (define-fun |c::main::main::1::x1@1!0&0#50| () (_ FloatingPoint 8 24) (fp #b0 #b01011101 #b00010001101100001110000))
  (define-fun |goto_symex::guard@0!0&0#50| () Bool true)
  (define-fun |c::main::main::1::x@1!0&0#51| () (_ FloatingPoint 8 24) (fp #b0 #b01011101 #b00010001101100001110000))
  (define-fun |c::main::main::1::x1@1!0&0#51| () (_ FloatingPoint 8 24) (fp #b0 #b01011100 #b01010110000111010001100))
  (define-fun |goto_symex::guard@0!0&0#51| () Bool true)
  (define-fun |c::main::main::1::x@1!0&0#52| () (_ FloatingPoint 8 24) (fp #b0 #b01011100 #b01010110000111010001100))
  (define-fun |c::main::main::1::x1@1!0&0#52| () (_ FloatingPoint 8 24) (fp #b0 #b01011011 #b10101011101001000101111))
  (define-fun |goto_symex::guard@0!0&0#52| () Bool true)
  (define-fun |c::main::main::1::x@1!0&0#53| () (_ FloatingPoint 8 24) (fp #b0 #b01011011 #b10101011101001000101111))
  (define-fun |c::main::main::1::x1@1!0&0#53| () (_ FloatingPoint 8 24) (fp #b0 #b01011011 #b00001011010001101011101))
  (define-fun |goto_symex::guard@0!0&0#53| () Bool true)
  (define-fun |c::main::main::1::x@1!0&0#54| () (_ FloatingPoint 8 24) (fp #b0 #b01011011 #b00001011010001101011101))
  (define-fun |c::main::main::1::x1@1!0&0#54| () (_ FloatingPoint 8 24) (fp #b0 #b01011010 #b01001110000110000110100))
  (define-fun |goto_symex::guard@0!0&0#54| () Bool true)
  (define-fun |c::main::main::1::x@1!0&0#55| () (_ FloatingPoint 8 24) (fp #b0 #b01011010 #b01001110000110000110100))
  (define-fun |c::main::main::1::x1@1!0&0#55| () (_ FloatingPoint 8 24) (fp #b0 #b01011001 #b10100001100111101000001))
  (define-fun |goto_symex::guard@0!0&0#55| () Bool true)
  (define-fun |c::main::main::1::x@1!0&0#56| () (_ FloatingPoint 8 24) (fp #b0 #b01011001 #b10100001100111101000001))
  (define-fun |c::main::main::1::x1@1!0&0#56| () (_ FloatingPoint 8 24) (fp #b0 #b01011001 #b00000101000000110001000))
  (define-fun |goto_symex::guard@0!0&0#56| () Bool true)
  (define-fun |c::main::main::1::x@1!0&0#57| () (_ FloatingPoint 8 24) (fp #b0 #b01011001 #b00000101000000110001000))
  (define-fun |c::main::main::1::x1@1!0&0#57| () (_ FloatingPoint 8 24) (fp #b0 #b01011000 #b01000110010000111101010))
  (define-fun |goto_symex::guard@0!0&0#57| () Bool true)
  (define-fun |c::main::main::1::x@1!0&0#58| () (_ FloatingPoint 8 24) (fp #b0 #b01011000 #b01000110010000111101010))
  (define-fun |c::main::main::1::x1@1!0&0#58| () (_ FloatingPoint 8 24) (fp #b0 #b01010111 #b10010111110101001100100))
  (define-fun |goto_symex::guard@0!0&0#58| () Bool true)
  (define-fun |c::main::main::1::x@1!0&0#59| () (_ FloatingPoint 8 24) (fp #b0 #b01010111 #b10010111110101001100100))
  (define-fun |c::main::main::1::x1@1!0&0#59| () (_ FloatingPoint 8 24) (fp #b0 #b01010110 #b11111101110010011111101))
  (define-fun |goto_symex::guard@0!0&0#59| () Bool true)
  (define-fun |c::main::main::1::x@1!0&0#60| () (_ FloatingPoint 8 24) (fp #b0 #b01010110 #b11111101110010011111101))
  (define-fun |c::main::main::1::x1@1!0&0#60| () (_ FloatingPoint 8 24) (fp #b0 #b01010110 #b00111110100111100011110))
  (define-fun |goto_symex::guard@0!0&0#60| () Bool true)
  (define-fun |c::main::main::1::x@1!0&0#61| () (_ FloatingPoint 8 24) (fp #b0 #b01010110 #b00111110100111100011110))
  (define-fun |c::main::main::1::x1@1!0&0#61| () (_ FloatingPoint 8 24) (fp #b0 #b01010101 #b10001110010001011100101))
  (define-fun |goto_symex::guard@0!0&0#61| () Bool true)
  (define-fun |c::main::main::1::x@1!0&0#62| () (_ FloatingPoint 8 24) (fp #b0 #b01010101 #b10001110010001011100101))
  (define-fun |c::main::main::1::x1@1!0&0#62| () (_ FloatingPoint 8 24) (fp #b0 #b01010100 #b11110001110101110011110))
  (define-fun |goto_symex::guard@0!0&0#62| () Bool true)
  (define-fun |c::main::main::1::x@1!0&0#63| () (_ FloatingPoint 8 24) (fp #b0 #b01010100 #b11110001110101110011110))
  (define-fun |c::main::main::1::x1@1!0&0#63| () (_ FloatingPoint 8 24) (fp #b0 #b01010100 #b00110111001001101000011))
  (define-fun |goto_symex::guard@0!0&0#63| () Bool true)
  (define-fun |c::main::main::1::x@1!0&0#64| () (_ FloatingPoint 8 24) (fp #b0 #b01010100 #b00110111001001101000011))
  (define-fun |c::main::main::1::x1@1!0&0#64| () (_ FloatingPoint 8 24) (fp #b0 #b01010011 #b10000100111100000010100))
  (define-fun |goto_symex::guard@0!0&0#64| () Bool true)
  (define-fun |c::main::main::1::x@1!0&0#65| () (_ FloatingPoint 8 24) (fp #b0 #b01010011 #b10000100111100000010100))
  (define-fun |c::main::main::1::x1@1!0&0#65| () (_ FloatingPoint 8 24) (fp #b0 #b01010010 #b11100110001011000011001))
  (define-fun |goto_symex::guard@0!0&0#65| () Bool true)
  (define-fun |c::main::main::1::x@1!0&0#66| () (_ FloatingPoint 8 24) (fp #b0 #b01010010 #b11100110001011000011001))
  (define-fun |c::main::main::1::x1@1!0&0#66| () (_ FloatingPoint 8 24) (fp #b0 #b01010010 #b00101111110110111001111))
  (define-fun |goto_symex::guard@0!0&0#66| () Bool true)
  (define-fun |c::main::main::1::x@1!0&0#67| () (_ FloatingPoint 8 24) (fp #b0 #b01010010 #b00101111110110111001111))
  (define-fun |c::main::main::1::x1@1!0&0#67| () (_ FloatingPoint 8 24) (fp #b0 #b01010001 #b01111011110100101000011))
  (define-fun |goto_symex::guard@0!0&0#67| () Bool true)
  (define-fun |c::main::main::1::x@1!0&0#68| () (_ FloatingPoint 8 24) (fp #b0 #b01010001 #b01111011110100101000011))
  (define-fun |c::main::main::1::x1@1!0&0#68| () (_ FloatingPoint 8 24) (fp #b0 #b01010000 #b11011010110001110010100))
  (define-fun |goto_symex::guard@0!0&0#68| () Bool true)
  (define-fun |c::main::main::1::x@1!0&0#69| () (_ FloatingPoint 8 24) (fp #b0 #b01010000 #b11011010110001110010100))
  (define-fun |c::main::main::1::x1@1!0&0#69| () (_ FloatingPoint 8 24) (fp #b0 #b01010000 #b00101000101111000111100))
  (define-fun |goto_symex::guard@0!0&0#69| () Bool true)
  (define-fun |c::main::main::1::x@1!0&0#70| () (_ FloatingPoint 8 24) (fp #b0 #b01010000 #b00101000101111000111100))
  (define-fun |c::main::main::1::x1@1!0&0#70| () (_ FloatingPoint 8 24) (fp #b0 #b01001111 #b01110010111010111001011))
  (define-fun |goto_symex::guard@0!0&0#70| () Bool true)
  (define-fun |c::main::main::1::x@1!0&0#71| () (_ FloatingPoint 8 24) (fp #b0 #b01001111 #b01110010111010111001011))
  (define-fun |c::main::main::1::x1@1!0&0#71| () (_ FloatingPoint 8 24) (fp #b0 #b01001110 #b11001111101001100111110))
  (define-fun |goto_symex::guard@0!0&0#71| () Bool true)
  (define-fun |c::main::main::1::x@1!0&0#72| () (_ FloatingPoint 8 24) (fp #b0 #b01001110 #b11001111101001100111110))
  (define-fun |c::main::main::1::x1@1!0&0#72| () (_ FloatingPoint 8 24) (fp #b0 #b01001110 #b00100001110010000000111))
  (define-fun |goto_symex::guard@0!0&0#72| () Bool true)
  (define-fun |c::main::main::1::x@1!0&0#73| () (_ FloatingPoint 8 24) (fp #b0 #b01001110 #b00100001110010000000111))
  (define-fun |c::main::main::1::x1@1!0&0#73| () (_ FloatingPoint 8 24) (fp #b0 #b01001101 #b01101010001110100001001))
  (define-fun |goto_symex::guard@0!0&0#73| () Bool true)
  (define-fun |c::main::main::1::x@1!0&0#74| () (_ FloatingPoint 8 24) (fp #b0 #b01001101 #b01101010001110100001001))
  (define-fun |c::main::main::1::x1@1!0&0#74| () (_ FloatingPoint 8 24) (fp #b0 #b01001100 #b11000100110010001001011))
  (define-fun |goto_symex::guard@0!0&0#74| () Bool true)
  (define-fun |c::main::main::1::x@1!0&0#75| () (_ FloatingPoint 8 24) (fp #b0 #b01001100 #b11000100110010001001011))
  (define-fun |c::main::main::1::x1@1!0&0#75| () (_ FloatingPoint 8 24) (fp #b0 #b01001100 #b00011010111111010101111))
  (define-fun |goto_symex::guard@0!0&0#75| () Bool true)
  (define-fun |c::main::main::1::x@1!0&0#76| () (_ FloatingPoint 8 24) (fp #b0 #b01001100 #b00011010111111010101111))
  (define-fun |c::main::main::1::x1@1!0&0#76| () (_ FloatingPoint 8 24) (fp #b0 #b01001011 #b01100001101111001011011))
  (define-fun |goto_symex::guard@0!0&0#76| () Bool true)
  (define-fun |c::main::main::1::x@1!0&0#77| () (_ FloatingPoint 8 24) (fp #b0 #b01001011 #b01100001101111001011011))
  (define-fun |c::main::main::1::x1@1!0&0#77| () (_ FloatingPoint 8 24) (fp #b0 #b01001010 #b10111010001010111110010))
  (define-fun |goto_symex::guard@0!0&0#77| () Bool true)
  (define-fun |c::main::main::1::x@1!0&0#78| () (_ FloatingPoint 8 24) (fp #b0 #b01001010 #b10111010001010111110010))
  (define-fun |c::main::main::1::x1@1!0&0#78| () (_ FloatingPoint 8 24) (fp #b0 #b01001010 #b00010100010110110110111))
  (define-fun |goto_symex::guard@0!0&0#78| () Bool true)
  (define-fun |c::main::main::1::x@1!0&0#79| () (_ FloatingPoint 8 24) (fp #b0 #b01001010 #b00010100010110110110111))
  (define-fun |c::main::main::1::x1@1!0&0#79| () (_ FloatingPoint 8 24) (fp #b0 #b01001001 #b01011001011100100100101))
  (define-fun |goto_symex::guard@0!0&0#79| () Bool true)
  (define-fun |c::main::main::1::x@1!0&0#80| () (_ FloatingPoint 8 24) (fp #b0 #b01001001 #b01011001011100100100101))
  (define-fun |c::main::main::1::x1@1!0&0#80| () (_ FloatingPoint 8 24) (fp #b0 #b01001000 #b10101111110011101101110))
  (define-fun |goto_symex::guard@0!0&0#80| () Bool true)
  (define-fun |c::main::main::1::x@1!0&0#81| () (_ FloatingPoint 8 24) (fp #b0 #b01001000 #b10101111110011101101110))
  (define-fun |c::main::main::1::x1@1!0&0#81| () (_ FloatingPoint 8 24) (fp #b0 #b01001000 #b00001101111000010100101))
  (define-fun |goto_symex::guard@0!0&0#81| () Bool true)
  (define-fun |c::main::main::1::x@1!0&0#82| () (_ FloatingPoint 8 24) (fp #b0 #b01001000 #b00001101111000010100101))
  (define-fun |c::main::main::1::x1@1!0&0#82| () (_ FloatingPoint 8 24) (fp #b0 #b01000111 #b01010001010110011001110))
  (define-fun |goto_symex::guard@0!0&0#82| () Bool true)
  (define-fun |c::main::main::1::x@1!0&0#83| () (_ FloatingPoint 8 24) (fp #b0 #b01000111 #b01010001010110011001110))
  (define-fun |c::main::main::1::x1@1!0&0#83| () (_ FloatingPoint 8 24) (fp #b0 #b01000110 #b10100101101100000000001))
  (define-fun |goto_symex::guard@0!0&0#83| () Bool true)
  (define-fun |c::main::main::1::x@1!0&0#84| () (_ FloatingPoint 8 24) (fp #b0 #b01000110 #b10100101101100000000001))
  (define-fun |c::main::main::1::x1@1!0&0#84| () (_ FloatingPoint 8 24) (fp #b0 #b01000110 #b00000111100011100000000))
  (define-fun |goto_symex::guard@0!0&0#84| () Bool true)
  (define-fun |c::main::main::1::x@1!0&0#85| () (_ FloatingPoint 8 24) (fp #b0 #b01000110 #b00000111100011100000000))
  (define-fun |c::main::main::1::x1@1!0&0#85| () (_ FloatingPoint 8 24) (fp #b0 #b01000101 #b01001001011100011000000))
  (define-fun |goto_symex::guard@0!0&0#85| () Bool true)
  (define-fun |c::main::main::1::x@1!0&0#86| () (_ FloatingPoint 8 24) (fp #b0 #b01000101 #b01001001011100011000000))
  (define-fun |c::main::main::1::x1@1!0&0#86| () (_ FloatingPoint 8 24) (fp #b0 #b01000100 #b10011011110011011110000))
  (define-fun |goto_symex::guard@0!0&0#86| () Bool true)
  (define-fun |c::main::main::1::x@1!0&0#87| () (_ FloatingPoint 8 24) (fp #b0 #b01000100 #b10011011110011011110000))
  (define-fun |c::main::main::1::x1@1!0&0#87| () (_ FloatingPoint 8 24) (fp #b0 #b01000100 #b00000001011000001010110))
  (define-fun |goto_symex::guard@0!0&0#87| () Bool true)
  (define-fun |c::main::main::1::x@1!0&0#88| () (_ FloatingPoint 8 24) (fp #b0 #b01000100 #b00000001011000001010110))
  (define-fun |c::main::main::1::x1@1!0&0#88| () (_ FloatingPoint 8 24) (fp #b0 #b01000011 #b01000001101110001101011))
  (define-fun |goto_symex::guard@0!0&0#88| () Bool true)
  (define-fun |c::main::main::1::x@1!0&0#89| () (_ FloatingPoint 8 24) (fp #b0 #b01000011 #b01000001101110001101011))
  (define-fun |c::main::main::1::x1@1!0&0#89| () (_ FloatingPoint 8 24) (fp #b0 #b01000010 #b10010010001001110000110))
  (define-fun |goto_symex::guard@0!0&0#89| () Bool true)
  (define-fun |c::main::main::1::x@1!0&0#90| () (_ FloatingPoint 8 24) (fp #b0 #b01000010 #b10010010001001110000110))
  (define-fun |c::main::main::1::x1@1!0&0#90| () (_ FloatingPoint 8 24) (fp #b0 #b01000001 #b11110110101100001100111))
  (define-fun |goto_symex::guard@0!0&0#90| () Bool true)
  (define-fun |c::main::main::1::x@1!0&0#91| () (_ FloatingPoint 8 24) (fp #b0 #b01000001 #b11110110101100001100111))
  (define-fun |c::main::main::1::x1@1!0&0#91| () (_ FloatingPoint 8 24) (fp #b0 #b01000001 #b00111010001011101000000))
  (define-fun |goto_symex::guard@0!0&0#91| () Bool true)
  (define-fun |c::main::main::1::x@1!0&0#92| () (_ FloatingPoint 8 24) (fp #b0 #b01000001 #b00111010001011101000000))
  (define-fun |c::main::main::1::x1@1!0&0#92| () (_ FloatingPoint 8 24) (fp #b0 #b01000000 #b10001000101110100010000))
  (define-fun |goto_symex::guard@0!0&0#92| () Bool true)
  (define-fun |c::main::main::1::x@1!0&0#93| () (_ FloatingPoint 8 24) (fp #b0 #b01000000 #b10001000101110100010000))
  (define-fun |c::main::main::1::x1@1!0&0#93| () (_ FloatingPoint 8 24) (fp #b0 #b00111111 #b11101010111010001010100))
  (define-fun |goto_symex::guard@0!0&0#93| () Bool true)
  (define-fun |c::main::main::1::x@1!0&0#94| () (_ FloatingPoint 8 24) (fp #b0 #b00111111 #b11101010111010001010100))
  (define-fun |c::main::main::1::x1@1!0&0#94| () (_ FloatingPoint 8 24) (fp #b0 #b00111111 #b00110010110100010110100))
  (define-fun |goto_symex::guard@0!0&0#94| () Bool true)
  (define-fun |c::main::main::1::x@1!0&0#95| () (_ FloatingPoint 8 24) (fp #b0 #b00111111 #b00110010110100010110100))
  (define-fun |c::main::main::1::x1@1!0&0#95| () (_ FloatingPoint 8 24) (fp #b0 #b00111110 #b01111111100001011100001))
  (define-fun |goto_symex::guard@0!0&0#95| () Bool true)
  (define-fun |c::main::main::1::x@1!0&0#96| () (_ FloatingPoint 8 24) (fp #b0 #b00111110 #b01111111100001011100001))
  (define-fun |c::main::main::1::x1@1!0&0#96| () (_ FloatingPoint 8 24) (fp #b0 #b00111101 #b11011111011001110011001))
  (define-fun |goto_symex::guard@0!0&0#96| () Bool true)
  (define-fun |c::main::main::1::x@1!0&0#97| () (_ FloatingPoint 8 24) (fp #b0 #b00111101 #b11011111011001110011001))
  (define-fun |c::main::main::1::x1@1!0&0#97| () (_ FloatingPoint 8 24) (fp #b0 #b00111101 #b00101011101000000111111))
  (define-fun |goto_symex::guard@0!0&0#97| () Bool true)
  (define-fun |c::main::main::1::x@1!0&0#98| () (_ FloatingPoint 8 24) (fp #b0 #b00111101 #b00101011101000000111111))
  (define-fun |c::main::main::1::x1@1!0&0#98| () (_ FloatingPoint 8 24) (fp #b0 #b00111100 #b01110110100010001001111))
  (define-fun |goto_symex::guard@0!0&0#98| () Bool true)
  (define-fun |c::main::main::1::x@1!0&0#99| () (_ FloatingPoint 8 24) (fp #b0 #b00111100 #b01110110100010001001111))
  (define-fun |c::main::main::1::x1@1!0&0#99| () (_ FloatingPoint 8 24) (fp #b0 #b00111011 #b11010100001010101100011))
  (define-fun |goto_symex::guard@0!0&0#99| () Bool true)
  (define-fun |c::main::main::1::x@1!0&0#100| () (_ FloatingPoint 8 24) (fp #b0 #b00111011 #b11010100001010101100011))
  (define-fun |c::main::main::1::x1@1!0&0#100| () (_ FloatingPoint 8 24) (fp #b0 #b00111011 #b00100100100110101011110))
  (define-fun |goto_symex::guard@0!0&0#100| () Bool true)
  (define-fun |c::main::main::1::x@1!0&0#101| () (_ FloatingPoint 8 24) (fp #b0 #b00111011 #b00100100100110101011110))
  (define-fun |c::main::main::1::x1@1!0&0#101| () (_ FloatingPoint 8 24) (fp #b0 #b00111010 #b01101101110000010110101))
  (define-fun |goto_symex::guard@0!0&0#101| () Bool true)
  (define-fun |c::main::main::1::x@1!0&0#102| () (_ FloatingPoint 8 24) (fp #b0 #b00111010 #b01101101110000010110101))
  (define-fun |c::main::main::1::x1@1!0&0#102| () (_ FloatingPoint 8 24) (fp #b0 #b00111001 #b11001001001100011100010))
  (define-fun |goto_symex::guard@0!0&0#102| () Bool true)
  (define-fun |c::main::main::1::x@1!0&0#103| () (_ FloatingPoint 8 24) (fp #b0 #b00111001 #b11001001001100011100010))
  (define-fun |c::main::main::1::x1@1!0&0#103| () (_ FloatingPoint 8 24) (fp #b0 #b00111001 #b00011101101111110001101))
  (define-fun |goto_symex::guard@0!0&0#103| () Bool true)
  (define-fun |c::main::main::1::x@1!0&0#104| () (_ FloatingPoint 8 24) (fp #b0 #b00111001 #b00011101101111110001101))
  (define-fun |c::main::main::1::x1@1!0&0#104| () (_ FloatingPoint 8 24) (fp #b0 #b00111000 #b01100101001011101110000))
  (define-fun |goto_symex::guard@0!0&0#104| () Bool true)
  (define-fun |c::main::main::1::x@1!0&0#105| () (_ FloatingPoint 8 24) (fp #b0 #b00111000 #b01100101001011101110000))
  (define-fun |c::main::main::1::x1@1!0&0#105| () (_ FloatingPoint 8 24) (fp #b0 #b00110111 #b10111110011110101001100))
  (define-fun |goto_symex::guard@0!0&0#105| () Bool true)
  (define-fun |c::main::main::1::x@1!0&0#106| () (_ FloatingPoint 8 24) (fp #b0 #b00110111 #b10111110011110101001100))
  (define-fun |c::main::main::1::x1@1!0&0#106| () (_ FloatingPoint 8 24) (fp #b0 #b00110111 #b00010111000011001001111))
  (define-fun |goto_symex::guard@0!0&0#106| () Bool true)
  (define-fun |c::main::main::1::x@1!0&0#107| () (_ FloatingPoint 8 24) (fp #b0 #b00110111 #b00010111000011001001111))
  (define-fun |c::main::main::1::x1@1!0&0#107| () (_ FloatingPoint 8 24) (fp #b0 #b00110110 #b01011100110011111100011))
  (define-fun |goto_symex::guard@0!0&0#107| () Bool true)
  (define-fun |c::main::main::1::x@1!0&0#108| () (_ FloatingPoint 8 24) (fp #b0 #b00110110 #b01011100110011111100011))
  (define-fun |c::main::main::1::x1@1!0&0#108| () (_ FloatingPoint 8 24) (fp #b0 #b00110101 #b10110100000000111011100))
  (define-fun |goto_symex::guard@0!0&0#108| () Bool true)
  (define-fun |c::main::main::1::x@1!0&0#109| () (_ FloatingPoint 8 24) (fp #b0 #b00110101 #b10110100000000111011100))
  (define-fun |c::main::main::1::x1@1!0&0#109| () (_ FloatingPoint 8 24) (fp #b0 #b00110101 #b00010000100000100101001))
  (define-fun |goto_symex::guard@0!0&0#109| () Bool true)
  (define-fun |c::main::main::1::x@1!0&0#110| () (_ FloatingPoint 8 24) (fp #b0 #b00110101 #b00010000100000100101001))
  (define-fun |c::main::main::1::x1@1!0&0#110| () (_ FloatingPoint 8 24) (fp #b0 #b00110100 #b01010100101000101110011))
  (define-fun |goto_symex::guard@0!0&0#110| () Bool true)
  (define-fun |c::main::main::1::x@1!0&0#111| () (_ FloatingPoint 8 24) (fp #b0 #b00110100 #b01010100101000101110011))
  (define-fun |c::main::main::1::x1@1!0&0#111| () (_ FloatingPoint 8 24) (fp #b0 #b00110011 #b10101001110010111010000))
  (define-fun |goto_symex::guard@0!0&0#111| () Bool true)
  (define-fun |c::main::main::1::x@1!0&0#112| () (_ FloatingPoint 8 24) (fp #b0 #b00110011 #b10101001110010111010000))
  (define-fun |c::main::main::1::x1@1!0&0#112| () (_ FloatingPoint 8 24) (fp #b0 #b00110011 #b00001010000111110100010))
  (define-fun |goto_symex::guard@0!0&0#112| () Bool true)
  (define-fun |c::main::main::1::x@1!0&0#113| () (_ FloatingPoint 8 24) (fp #b0 #b00110011 #b00001010000111110100010))
  (define-fun |c::main::main::1::x1@1!0&0#113| () (_ FloatingPoint 8 24) (fp #b0 #b00110010 #b01001100101001110001010))
  (define-fun |goto_symex::guard@0!0&0#113| () Bool true)
  (define-fun |c::main::main::1::x@1!0&0#114| () (_ FloatingPoint 8 24) (fp #b0 #b00110010 #b01001100101001110001010))
  (define-fun |c::main::main::1::x1@1!0&0#114| () (_ FloatingPoint 8 24) (fp #b0 #b00110001 #b10011111110100001101100))
  (define-fun |goto_symex::guard@0!0&0#114| () Bool true)
  (define-fun |c::main::main::1::x@1!0&0#115| () (_ FloatingPoint 8 24) (fp #b0 #b00110001 #b10011111110100001101100))
  (define-fun |c::main::main::1::x1@1!0&0#115| () (_ FloatingPoint 8 24) (fp #b0 #b00110001 #b00000011111000101000011))
  (define-fun |goto_symex::guard@0!0&0#115| () Bool true)
  (define-fun |c::main::main::1::x@1!0&0#116| () (_ FloatingPoint 8 24) (fp #b0 #b00110001 #b00000011111000101000011))
  (define-fun |c::main::main::1::x1@1!0&0#116| () (_ FloatingPoint 8 24) (fp #b0 #b00110000 #b01000100110110110010100))
  (define-fun |goto_symex::guard@0!0&0#116| () Bool true)
  (define-fun |c::main::main::1::x@1!0&0#117| () (_ FloatingPoint 8 24) (fp #b0 #b00110000 #b01000100110110110010100))
  (define-fun |c::main::main::1::x1@1!0&0#117| () (_ FloatingPoint 8 24) (fp #b0 #b00101111 #b10010110000100011111001))
  (define-fun |goto_symex::guard@0!0&0#117| () Bool true)
  (define-fun |c::main::main::1::x@1!0&0#118| () (_ FloatingPoint 8 24) (fp #b0 #b00101111 #b10010110000100011111001))
  (define-fun |c::main::main::1::x1@1!0&0#118| () (_ FloatingPoint 8 24) (fp #b0 #b00101110 #b11111011100101100110111))
  (define-fun |goto_symex::guard@0!0&0#118| () Bool true)
  (define-fun |c::main::main::1::x@1!0&0#119| () (_ FloatingPoint 8 24) (fp #b0 #b00101110 #b11111011100101100110111))
  (define-fun |c::main::main::1::x1@1!0&0#119| () (_ FloatingPoint 8 24) (fp #b0 #b00101110 #b00111101001111100000010))
  (define-fun |goto_symex::guard@0!0&0#119| () Bool true)
  (define-fun |c::main::main::1::x@1!0&0#120| () (_ FloatingPoint 8 24) (fp #b0 #b00101110 #b00111101001111100000010))
  (define-fun |c::main::main::1::x1@1!0&0#120| () (_ FloatingPoint 8 24) (fp #b0 #b00101101 #b10001100100011011000010))
  (define-fun |goto_symex::guard@0!0&0#120| () Bool true)
  (define-fun |c::main::main::1::x@1!0&0#121| () (_ FloatingPoint 8 24) (fp #b0 #b00101101 #b10001100100011011000010))
  (define-fun |c::main::main::1::x1@1!0&0#121| () (_ FloatingPoint 8 24) (fp #b0 #b00101100 #b11101111101100001110010))
  (define-fun |goto_symex::guard@0!0&0#121| () Bool true)
  (define-fun |c::main::main::1::x@1!0&0#122| () (_ FloatingPoint 8 24) (fp #b0 #b00101100 #b11101111101100001110010))
  (define-fun |c::main::main::1::x1@1!0&0#122| () (_ FloatingPoint 8 24) (fp #b0 #b00101100 #b00110101110011101000111))
  (define-fun |goto_symex::guard@0!0&0#122| () Bool true)
  (define-fun |c::main::main::1::x@1!0&0#123| () (_ FloatingPoint 8 24) (fp #b0 #b00101100 #b00110101110011101000111))
  (define-fun |c::main::main::1::x1@1!0&0#123| () (_ FloatingPoint 8 24) (fp #b0 #b00101011 #b10000011010000100011001))
  (define-fun |goto_symex::guard@0!0&0#123| () Bool true)
  (define-fun |c::main::main::1::x@1!0&0#124| () (_ FloatingPoint 8 24) (fp #b0 #b00101011 #b10000011010000100011001))
  (define-fun |c::main::main::1::x1@1!0&0#124| () (_ FloatingPoint 8 24) (fp #b0 #b00101010 #b11100100000100101011111))
  (define-fun |goto_symex::guard@0!0&0#124| () Bool true)
  (define-fun |c::main::main::1::x@1!0&0#125| () (_ FloatingPoint 8 24) (fp #b0 #b00101010 #b11100100000100101011111))
  (define-fun |c::main::main::1::x1@1!0&0#125| () (_ FloatingPoint 8 24) (fp #b0 #b00101010 #b00101110100010111011011))
  (define-fun |goto_symex::guard@0!0&0#125| () Bool true)
  (define-fun |c::main::main::1::x@1!0&0#126| () (_ FloatingPoint 8 24) (fp #b0 #b00101010 #b00101110100010111011011))
  (define-fun |c::main::main::1::x1@1!0&0#126| () (_ FloatingPoint 8 24) (fp #b0 #b00101001 #b01111010001011101010010))
  (define-fun |goto_symex::guard@0!0&0#126| () Bool true)
  (define-fun |c::main::main::1::x@1!0&0#127| () (_ FloatingPoint 8 24) (fp #b0 #b00101001 #b01111010001011101010010))
  (define-fun |c::main::main::1::x1@1!0&0#127| () (_ FloatingPoint 8 24) (fp #b0 #b00101000 #b11011000101110100100110))
  (define-fun |goto_symex::guard@0!0&0#127| () Bool true)
  (define-fun |c::main::main::1::x@1!0&0#128| () (_ FloatingPoint 8 24) (fp #b0 #b00101000 #b11011000101110100100110))
  (define-fun |c::main::main::1::x1@1!0&0#128| () (_ FloatingPoint 8 24) (fp #b0 #b00101000 #b00100111011101000111000))
  (define-fun |goto_symex::guard@0!0&0#128| () Bool true)
  (define-fun |c::main::main::1::x@1!0&0#129| () (_ FloatingPoint 8 24) (fp #b0 #b00101000 #b00100111011101000111000))
  (define-fun |c::main::main::1::x1@1!0&0#129| () (_ FloatingPoint 8 24) (fp #b0 #b00100111 #b01110001010100011000110))
  (define-fun |goto_symex::guard@0!0&0#129| () Bool true)
  (define-fun |c::main::main::1::x@1!0&0#130| () (_ FloatingPoint 8 24) (fp #b0 #b00100111 #b01110001010100011000110))
  (define-fun |c::main::main::1::x1@1!0&0#130| () (_ FloatingPoint 8 24) (fp #b0 #b00100110 #b11001101101001011110111))
  (define-fun |goto_symex::guard@0!0&0#130| () Bool true)
  (define-fun |c::main::main::1::x@1!0&0#131| () (_ FloatingPoint 8 24) (fp #b0 #b00100110 #b11001101101001011110111))
  (define-fun |c::main::main::1::x1@1!0&0#131| () (_ FloatingPoint 8 24) (fp #b0 #b00100110 #b00100000100001111011010))
  (define-fun |goto_symex::guard@0!0&0#131| () Bool true)
  (define-fun |c::main::main::1::x@1!0&0#132| () (_ FloatingPoint 8 24) (fp #b0 #b00100110 #b00100000100001111011010))
  (define-fun |c::main::main::1::x1@1!0&0#132| () (_ FloatingPoint 8 24) (fp #b0 #b00100101 #b01101000101010011010000))
  (define-fun |goto_symex::guard@0!0&0#132| () Bool true)
  (define-fun |c::main::main::1::x@1!0&0#133| () (_ FloatingPoint 8 24) (fp #b0 #b00100101 #b01101000101010011010000))
  (define-fun |c::main::main::1::x1@1!0&0#133| () (_ FloatingPoint 8 24) (fp #b0 #b00100100 #b11000010110101000000100))
  (define-fun |goto_symex::guard@0!0&0#133| () Bool true)
  (define-fun |c::main::main::1::x@1!0&0#134| () (_ FloatingPoint 8 24) (fp #b0 #b00100100 #b11000010110101000000100))
  (define-fun |c::main::main::1::x1@1!0&0#134| () (_ FloatingPoint 8 24) (fp #b0 #b00100100 #b00011001110001001000010))
  (define-fun |goto_symex::guard@0!0&0#134| () Bool true)
  (define-fun |c::main::main::1::x@1!0&0#135| () (_ FloatingPoint 8 24) (fp #b0 #b00100100 #b00011001110001001000010))
  (define-fun |c::main::main::1::x1@1!0&0#135| () (_ FloatingPoint 8 24) (fp #b0 #b00100011 #b01100000001101011010010))
  (define-fun |goto_symex::guard@0!0&0#135| () Bool true)
  (define-fun |c::main::main::1::x@1!0&0#136| () (_ FloatingPoint 8 24) (fp #b0 #b00100011 #b01100000001101011010010))
  (define-fun |c::main::main::1::x1@1!0&0#136| () (_ FloatingPoint 8 24) (fp #b0 #b00100010 #b10111000010000110000110))
  (define-fun |goto_symex::guard@0!0&0#136| () Bool true)
  (define-fun |c::main::main::1::x@1!0&0#137| () (_ FloatingPoint 8 24) (fp #b0 #b00100010 #b10111000010000110000110))
  (define-fun |c::main::main::1::x1@1!0&0#137| () (_ FloatingPoint 8 24) (fp #b0 #b00100010 #b00010011001010011110100))
  (define-fun |goto_symex::guard@0!0&0#137| () Bool true)
  (define-fun |c::main::main::1::x@1!0&0#138| () (_ FloatingPoint 8 24) (fp #b0 #b00100010 #b00010011001010011110100))
  (define-fun |c::main::main::1::x1@1!0&0#138| () (_ FloatingPoint 8 24) (fp #b0 #b00100001 #b01010111111101000110001))
  (define-fun |goto_symex::guard@0!0&0#138| () Bool true)
  (define-fun |c::main::main::1::x@1!0&0#139| () (_ FloatingPoint 8 24) (fp #b0 #b00100001 #b01010111111101000110001))
  (define-fun |c::main::main::1::x1@1!0&0#139| () (_ FloatingPoint 8 24) (fp #b0 #b00100000 #b10101101111100010111101))
  (define-fun |goto_symex::guard@0!0&0#139| () Bool true)
  (define-fun |c::main::main::1::x@1!0&0#140| () (_ FloatingPoint 8 24) (fp #b0 #b00100000 #b10101101111100010111101))
  (define-fun |c::main::main::1::x1@1!0&0#140| () (_ FloatingPoint 8 24) (fp #b0 #b00100000 #b00001100101101101110110))
  (define-fun |goto_symex::guard@0!0&0#140| () Bool true)
  (define-fun |c::main::main::1::x@1!0&0#141| () (_ FloatingPoint 8 24) (fp #b0 #b00100000 #b00001100101101101110110))
  (define-fun |c::main::main::1::x1@1!0&0#141| () (_ FloatingPoint 8 24) (fp #b0 #b00011111 #b01001111111001001010011))
  (define-fun |goto_symex::guard@0!0&0#141| () Bool true)
  (define-fun |c::main::main::1::x@1!0&0#142| () (_ FloatingPoint 8 24) (fp #b0 #b00011111 #b01001111111001001010011))
  (define-fun |c::main::main::1::x1@1!0&0#142| () (_ FloatingPoint 8 24) (fp #b0 #b00011110 #b10100011110111011101000))
  (define-fun |goto_symex::guard@0!0&0#142| () Bool true)
  (define-fun |c::main::main::1::x@1!0&0#143| () (_ FloatingPoint 8 24) (fp #b0 #b00011110 #b10100011110111011101000))
  (define-fun |c::main::main::1::x1@1!0&0#143| () (_ FloatingPoint 8 24) (fp #b0 #b00011110 #b00000110011010101010001))
  (define-fun |goto_symex::guard@0!0&0#143| () Bool true)
  (define-fun |c::main::main::1::x@1!0&0#144| () (_ FloatingPoint 8 24) (fp #b0 #b00011110 #b00000110011010101010001))
  (define-fun |c::main::main::1::x1@1!0&0#144| () (_ FloatingPoint 8 24) (fp #b0 #b00011101 #b01001000000001010100101))
  (define-fun |goto_symex::guard@0!0&0#144| () Bool true)
  (define-fun |c::main::main::1::x@1!0&0#145| () (_ FloatingPoint 8 24) (fp #b0 #b00011101 #b01001000000001010100101))
  (define-fun |c::main::main::1::x1@1!0&0#145| () (_ FloatingPoint 8 24) (fp #b0 #b00011100 #b10011010000001101001110))
  (define-fun |goto_symex::guard@0!0&0#145| () Bool true)
  (define-fun |c::main::main::1::x@1!0&0#146| () (_ FloatingPoint 8 24) (fp #b0 #b00011100 #b10011010000001101001110))
  (define-fun |c::main::main::1::x1@1!0&0#146| () (_ FloatingPoint 8 24) (fp #b0 #b00011100 #b00000000010001000010001))
  (define-fun |goto_symex::guard@0!0&0#146| () Bool true)
  (define-fun |c::main::main::1::x@1!0&0#147| () (_ FloatingPoint 8 24) (fp #b0 #b00011100 #b00000000010001000010001))
  (define-fun |c::main::main::1::x1@1!0&0#147| () (_ FloatingPoint 8 24) (fp #b0 #b00011011 #b01000000010101010010101))
  (define-fun |goto_symex::guard@0!0&0#147| () Bool true)
  (define-fun |c::main::main::1::x@1!0&0#148| () (_ FloatingPoint 8 24) (fp #b0 #b00011011 #b01000000010101010010101))
  (define-fun |c::main::main::1::x1@1!0&0#148| () (_ FloatingPoint 8 24) (fp #b0 #b00011010 #b10010000011010100111010))
  (define-fun |goto_symex::guard@0!0&0#148| () Bool true)
  (define-fun |c::main::main::1::x@1!0&0#149| () (_ FloatingPoint 8 24) (fp #b0 #b00011010 #b10010000011010100111010))
  (define-fun |c::main::main::1::x1@1!0&0#149| () (_ FloatingPoint 8 24) (fp #b0 #b00011001 #b11110100100001010001000))
  (define-fun |goto_symex::guard@0!0&0#149| () Bool true)
  (define-fun |c::main::main::1::x@1!0&0#150| () (_ FloatingPoint 8 24) (fp #b0 #b00011001 #b11110100100001010001000))
  (define-fun |c::main::main::1::x1@1!0&0#150| () (_ FloatingPoint 8 24) (fp #b0 #b00011001 #b00111000110100110010101))
  (define-fun |goto_symex::guard@0!0&0#150| () Bool true)
  (define-fun |c::main::main::1::x@1!0&0#151| () (_ FloatingPoint 8 24) (fp #b0 #b00011001 #b00111000110100110010101))
  (define-fun |c::main::main::1::x1@1!0&0#151| () (_ FloatingPoint 8 24) (fp #b0 #b00011000 #b10000111000001111111010))
  (define-fun |goto_symex::guard@0!0&0#151| () Bool true)
  (define-fun |c::main::main::1::x@1!0&0#152| () (_ FloatingPoint 8 24) (fp #b0 #b00011000 #b10000111000001111111010))
  (define-fun |c::main::main::1::x1@1!0&0#152| () (_ FloatingPoint 8 24) (fp #b0 #b00010111 #b11101000110010011111000))
  (define-fun |goto_symex::guard@0!0&0#152| () Bool true)
  (define-fun |c::main::main::1::x@1!0&0#153| () (_ FloatingPoint 8 24) (fp #b0 #b00010111 #b11101000110010011111000))
  (define-fun |c::main::main::1::x1@1!0&0#153| () (_ FloatingPoint 8 24) (fp #b0 #b00010111 #b00110001011111100011011))
  (define-fun |goto_symex::guard@0!0&0#153| () Bool true)
  (define-fun |c::main::main::1::x@1!0&0#154| () (_ FloatingPoint 8 24) (fp #b0 #b00010111 #b00110001011111100011011))
  (define-fun |c::main::main::1::x1@1!0&0#154| () (_ FloatingPoint 8 24) (fp #b0 #b00010110 #b01111101110111011100010))
  (define-fun |goto_symex::guard@0!0&0#154| () Bool true)
  (define-fun |c::main::main::1::x@1!0&0#155| () (_ FloatingPoint 8 24) (fp #b0 #b00010110 #b01111101110111011100010))
  (define-fun |c::main::main::1::x1@1!0&0#155| () (_ FloatingPoint 8 24) (fp #b0 #b00010101 #b11011101010101010011010))
  (define-fun |goto_symex::guard@0!0&0#155| () Bool true)
  (define-fun |c::main::main::1::x@1!0&0#156| () (_ FloatingPoint 8 24) (fp #b0 #b00010101 #b11011101010101010011010))
  (define-fun |c::main::main::1::x1@1!0&0#156| () (_ FloatingPoint 8 24) (fp #b0 #b00010101 #b00101010010101010100000))
  (define-fun |goto_symex::guard@0!0&0#156| () Bool true)
  (define-fun |c::main::main::1::x@1!0&0#157| () (_ FloatingPoint 8 24) (fp #b0 #b00010101 #b00101010010101010100000))
  (define-fun |c::main::main::1::x1@1!0&0#157| () (_ FloatingPoint 8 24) (fp #b0 #b00010100 #b01110100111010101001000))
  (define-fun |goto_symex::guard@0!0&0#157| () Bool true)
  (define-fun |c::main::main::1::x@1!0&0#158| () (_ FloatingPoint 8 24) (fp #b0 #b00010100 #b01110100111010101001000))
  (define-fun |c::main::main::1::x1@1!0&0#158| () (_ FloatingPoint 8 24) (fp #b0 #b00010011 #b11010010001001010011010))
  (define-fun |goto_symex::guard@0!0&0#158| () Bool true)
  (define-fun |c::main::main::1::x@1!0&0#159| () (_ FloatingPoint 8 24) (fp #b0 #b00010011 #b11010010001001010011010))
  (define-fun |c::main::main::1::x1@1!0&0#159| () (_ FloatingPoint 8 24) (fp #b0 #b00010011 #b00100011010101110100000))
  (define-fun |goto_symex::guard@0!0&0#159| () Bool true)
  (define-fun |c::main::main::1::x@1!0&0#160| () (_ FloatingPoint 8 24) (fp #b0 #b00010011 #b00100011010101110100000))
  (define-fun |c::main::main::1::x1@1!0&0#160| () (_ FloatingPoint 8 24) (fp #b0 #b00010010 #b01101100001011010001000))
  (define-fun |goto_symex::guard@0!0&0#160| () Bool true)
  (define-fun |c::main::main::1::x@1!0&0#161| () (_ FloatingPoint 8 24) (fp #b0 #b00010010 #b01101100001011010001000))
  (define-fun |c::main::main::1::x1@1!0&0#161| () (_ FloatingPoint 8 24) (fp #b0 #b00010001 #b11000111001110000101010))
  (define-fun |goto_symex::guard@0!0&0#161| () Bool true)
  (define-fun |c::main::main::1::x@1!0&0#162| () (_ FloatingPoint 8 24) (fp #b0 #b00010001 #b11000111001110000101010))
  (define-fun |c::main::main::1::x1@1!0&0#162| () (_ FloatingPoint 8 24) (fp #b0 #b00010001 #b00011100100000110011010))
  (define-fun |goto_symex::guard@0!0&0#162| () Bool true)
  (define-fun |c::main::main::1::x@1!0&0#163| () (_ FloatingPoint 8 24) (fp #b0 #b00010001 #b00011100100000110011010))
  (define-fun |c::main::main::1::x1@1!0&0#163| () (_ FloatingPoint 8 24) (fp #b0 #b00010000 #b01100011101001000000000))
  (define-fun |goto_symex::guard@0!0&0#163| () Bool true)
  (define-fun |c::main::main::1::x@1!0&0#164| () (_ FloatingPoint 8 24) (fp #b0 #b00010000 #b01100011101001000000000))
  (define-fun |c::main::main::1::x1@1!0&0#164| () (_ FloatingPoint 8 24) (fp #b0 #b00001111 #b10111100100011010000000))
  (define-fun |goto_symex::guard@0!0&0#164| () Bool true)
  (define-fun |c::main::main::1::x@1!0&0#165| () (_ FloatingPoint 8 24) (fp #b0 #b00001111 #b10111100100011010000000))
  (define-fun |c::main::main::1::x1@1!0&0#165| () (_ FloatingPoint 8 24) (fp #b0 #b00001111 #b00010101110110000010000))
  (define-fun |goto_symex::guard@0!0&0#165| () Bool true)
  (define-fun |c::main::main::1::x@1!0&0#166| () (_ FloatingPoint 8 24) (fp #b0 #b00001111 #b00010101110110000010000))
  (define-fun |c::main::main::1::x1@1!0&0#166| () (_ FloatingPoint 8 24) (fp #b0 #b00001110 #b01011011010011100010100))
  (define-fun |goto_symex::guard@0!0&0#166| () Bool true)
  (define-fun |c::main::main::1::x@1!0&0#167| () (_ FloatingPoint 8 24) (fp #b0 #b00001110 #b01011011010011100010100))
  (define-fun |c::main::main::1::x1@1!0&0#167| () (_ FloatingPoint 8 24) (fp #b0 #b00001101 #b10110010001000011011001))
  (define-fun |goto_symex::guard@0!0&0#167| () Bool true)
  (define-fun |c::main::main::1::x@1!0&0#168| () (_ FloatingPoint 8 24) (fp #b0 #b00001101 #b10110010001000011011001))
  (define-fun |c::main::main::1::x1@1!0&0#168| () (_ FloatingPoint 8 24) (fp #b0 #b00001101 #b00001111010101010000111))
  (define-fun |goto_symex::guard@0!0&0#168| () Bool true)
  (define-fun |c::main::main::1::x@1!0&0#169| () (_ FloatingPoint 8 24) (fp #b0 #b00001101 #b00001111010101010000111))
  (define-fun |c::main::main::1::x1@1!0&0#169| () (_ FloatingPoint 8 24) (fp #b0 #b00001100 #b01010011001010100101001))
  (define-fun |goto_symex::guard@0!0&0#169| () Bool true)
  (define-fun |c::main::main::1::x@1!0&0#170| () (_ FloatingPoint 8 24) (fp #b0 #b00001100 #b01010011001010100101001))
  (define-fun |c::main::main::1::x1@1!0&0#170| () (_ FloatingPoint 8 24) (fp #b0 #b00001011 #b10100111111101001110011))
  (define-fun |goto_symex::guard@0!0&0#170| () Bool true)
  (define-fun |c::main::main::1::x@1!0&0#171| () (_ FloatingPoint 8 24) (fp #b0 #b00001011 #b10100111111101001110011))
  (define-fun |c::main::main::1::x1@1!0&0#171| () (_ FloatingPoint 8 24) (fp #b0 #b00001011 #b00001000111110010001000))
  (define-fun |goto_symex::guard@0!0&0#171| () Bool true)
  (define-fun |c::main::main::1::x@1!0&0#172| () (_ FloatingPoint 8 24) (fp #b0 #b00001011 #b00001000111110010001000))
  (define-fun |c::main::main::1::x1@1!0&0#172| () (_ FloatingPoint 8 24) (fp #b0 #b00001010 #b01001011001101110101010))
  (define-fun |goto_symex::guard@0!0&0#172| () Bool true)
  (define-fun |c::main::main::1::x@1!0&0#173| () (_ FloatingPoint 8 24) (fp #b0 #b00001010 #b01001011001101110101010))
  (define-fun |c::main::main::1::x1@1!0&0#173| () (_ FloatingPoint 8 24) (fp #b0 #b00001001 #b10011110000001010010100))
  (define-fun |goto_symex::guard@0!0&0#173| () Bool true)
  (define-fun |c::main::main::1::x@1!0&0#174| () (_ FloatingPoint 8 24) (fp #b0 #b00001001 #b10011110000001010010100))
  (define-fun |c::main::main::1::x1@1!0&0#174| () (_ FloatingPoint 8 24) (fp #b0 #b00001001 #b00000010110000110011100))
  (define-fun |goto_symex::guard@0!0&0#174| () Bool true)
  (define-fun |c::main::main::1::x@1!0&0#175| () (_ FloatingPoint 8 24) (fp #b0 #b00001001 #b00000010110000110011100))
  (define-fun |c::main::main::1::x1@1!0&0#175| () (_ FloatingPoint 8 24) (fp #b0 #b00001000 #b01000011011101000000011))
  (define-fun |goto_symex::guard@0!0&0#175| () Bool true)
  (define-fun |c::main::main::1::x@1!0&0#176| () (_ FloatingPoint 8 24) (fp #b0 #b00001000 #b01000011011101000000011))
  (define-fun |c::main::main::1::x1@1!0&0#176| () (_ FloatingPoint 8 24) (fp #b0 #b00000111 #b10010100010100010000100))
  (define-fun |goto_symex::guard@0!0&0#176| () Bool true)
  (define-fun |c::main::main::1::x@1!0&0#177| () (_ FloatingPoint 8 24) (fp #b0 #b00000111 #b10010100010100010000100))
  (define-fun |c::main::main::1::x1@1!0&0#177| () (_ FloatingPoint 8 24) (fp #b0 #b00000110 #b11111001011001010100101))
  (define-fun |goto_symex::guard@0!0&0#177| () Bool true)
  (define-fun |c::main::main::1::x@1!0&0#178| () (_ FloatingPoint 8 24) (fp #b0 #b00000110 #b11111001011001010100101))
  (define-fun |c::main::main::1::x1@1!0&0#178| () (_ FloatingPoint 8 24) (fp #b0 #b00000110 #b00111011110111110100111))
  (define-fun |goto_symex::guard@0!0&0#178| () Bool true)
  (define-fun |c::main::main::1::x@1!0&0#179| () (_ FloatingPoint 8 24) (fp #b0 #b00000110 #b00111011110111110100111))
  (define-fun |c::main::main::1::x1@1!0&0#179| () (_ FloatingPoint 8 24) (fp #b0 #b00000101 #b10001010110101110010001))
  (define-fun |goto_symex::guard@0!0&0#179| () Bool true)
  (define-fun |c::main::main::1::x@1!0&0#180| () (_ FloatingPoint 8 24) (fp #b0 #b00000101 #b10001010110101110010001))
  (define-fun |c::main::main::1::x1@1!0&0#180| () (_ FloatingPoint 8 24) (fp #b0 #b00000100 #b11101101100011001110101))
  (define-fun |goto_symex::guard@0!0&0#180| () Bool true)
  (define-fun |c::main::main::1::x@1!0&0#181| () (_ FloatingPoint 8 24) (fp #b0 #b00000100 #b11101101100011001110101))
  (define-fun |c::main::main::1::x1@1!0&0#181| () (_ FloatingPoint 8 24) (fp #b0 #b00000100 #b00110100011110000001001))
  (define-fun |goto_symex::guard@0!0&0#181| () Bool true)
  (define-fun |c::main::main::1::x@1!0&0#182| () (_ FloatingPoint 8 24) (fp #b0 #b00000100 #b00110100011110000001001))
  (define-fun |c::main::main::1::x1@1!0&0#182| () (_ FloatingPoint 8 24) (fp #b0 #b00000011 #b10000001100101100001011))
  (define-fun |goto_symex::guard@0!0&0#182| () Bool true)
  (define-fun |c::main::main::1::x@1!0&0#183| () (_ FloatingPoint 8 24) (fp #b0 #b00000011 #b10000001100101100001011))
  (define-fun |c::main::main::1::x1@1!0&0#183| () (_ FloatingPoint 8 24) (fp #b0 #b00000010 #b11100001111110111001110))
  (define-fun |goto_symex::guard@0!0&0#183| () Bool true)
  (define-fun |c::main::main::1::x@1!0&0#184| () (_ FloatingPoint 8 24) (fp #b0 #b00000010 #b11100001111110111001110))
  (define-fun |c::main::main::1::x1@1!0&0#184| () (_ FloatingPoint 8 24) (fp #b0 #b00000010 #b00101101001111010100001))
  (define-fun |goto_symex::guard@0!0&0#184| () Bool true)
  (define-fun |c::main::main::1::x@1!0&0#185| () (_ FloatingPoint 8 24) (fp #b0 #b00000010 #b00101101001111010100001))
  (define-fun |c::main::main::1::x1@1!0&0#185| () (_ FloatingPoint 8 24) (fp #b0 #b00000001 #b01111000100011001001001))
  (define-fun |goto_symex::guard@0!0&0#185| () Bool true)
  (define-fun |c::main::main::1::x@1!0&0#186| () (_ FloatingPoint 8 24) (fp #b0 #b00000001 #b01111000100011001001001))
  (define-fun |c::main::main::1::x1@1!0&0#186| () (_ FloatingPoint 8 24) (fp #b0 #b00000000 #b11101011010101111101110))
  (define-fun |goto_symex::guard@0!0&0#186| () Bool true)
  (define-fun |c::main::main::1::x@1!0&0#187| () (_ FloatingPoint 8 24) (fp #b0 #b00000000 #b11101011010101111101110))
  (define-fun |c::main::main::1::x1@1!0&0#187| () (_ FloatingPoint 8 24) (fp #b0 #b00000000 #b10010011000101101110101))
  (define-fun |goto_symex::guard@0!0&0#187| () Bool true)
  (define-fun |c::main::main::1::x@1!0&0#188| () (_ FloatingPoint 8 24) (fp #b0 #b00000000 #b10010011000101101110101))
  (define-fun |c::main::main::1::x1@1!0&0#188| () (_ FloatingPoint 8 24) (fp #b0 #b00000000 #b01011011111011100101001))
  (define-fun |goto_symex::guard@0!0&0#188| () Bool true)
  (define-fun |c::main::main::1::x@1!0&0#189| () (_ FloatingPoint 8 24) (fp #b0 #b00000000 #b01011011111011100101001))
  (define-fun |c::main::main::1::x1@1!0&0#189| () (_ FloatingPoint 8 24) (fp #b0 #b00000000 #b00111001011101001111010))
  (define-fun |goto_symex::guard@0!0&0#189| () Bool true)
  (define-fun |c::main::main::1::x@1!0&0#190| () (_ FloatingPoint 8 24) (fp #b0 #b00000000 #b00111001011101001111010))
  (define-fun |c::main::main::1::x1@1!0&0#190| () (_ FloatingPoint 8 24) (fp #b0 #b00000000 #b00100011111010010001100))
  (define-fun |goto_symex::guard@0!0&0#190| () Bool true)
  (define-fun |c::main::main::1::x@1!0&0#191| () (_ FloatingPoint 8 24) (fp #b0 #b00000000 #b00100011111010010001100))
  (define-fun |c::main::main::1::x1@1!0&0#191| () (_ FloatingPoint 8 24) (fp #b0 #b00000000 #b00010110011100011010111))
  (define-fun |goto_symex::guard@0!0&0#191| () Bool true)
  (define-fun |c::main::main::1::x@1!0&0#192| () (_ FloatingPoint 8 24) (fp #b0 #b00000000 #b00010110011100011010111))
  (define-fun |c::main::main::1::x1@1!0&0#192| () (_ FloatingPoint 8 24) (fp #b0 #b00000000 #b00001110000001110000110))
  (define-fun |goto_symex::guard@0!0&0#192| () Bool true)
  (define-fun |c::main::main::1::x@1!0&0#193| () (_ FloatingPoint 8 24) (fp #b0 #b00000000 #b00001110000001110000110))
  (define-fun |c::main::main::1::x1@1!0&0#193| () (_ FloatingPoint 8 24) (fp #b0 #b00000000 #b00001000110001000110100))
  (define-fun |goto_symex::guard@0!0&0#193| () Bool true)
  (define-fun |c::main::main::1::x@1!0&0#194| () (_ FloatingPoint 8 24) (fp #b0 #b00000000 #b00001000110001000110100))
  (define-fun |c::main::main::1::x1@1!0&0#194| () (_ FloatingPoint 8 24) (fp #b0 #b00000000 #b00000101011110101100000))
  (define-fun |goto_symex::guard@0!0&0#194| () Bool true)
  (define-fun |c::main::main::1::x@1!0&0#195| () (_ FloatingPoint 8 24) (fp #b0 #b00000000 #b00000101011110101100000))
  (define-fun |c::main::main::1::x1@1!0&0#195| () (_ FloatingPoint 8 24) (fp #b0 #b00000000 #b00000011011011001011100))
  (define-fun |goto_symex::guard@0!0&0#195| () Bool true)
  (define-fun |c::main::main::1::x@1!0&0#196| () (_ FloatingPoint 8 24) (fp #b0 #b00000000 #b00000011011011001011100))
  (define-fun |c::main::main::1::x1@1!0&0#196| () (_ FloatingPoint 8 24) (fp #b0 #b00000000 #b00000010001000111111001))
  (define-fun |goto_symex::guard@0!0&0#196| () Bool true)
  (define-fun |c::main::main::1::x@1!0&0#197| () (_ FloatingPoint 8 24) (fp #b0 #b00000000 #b00000010001000111111001))
  (define-fun |c::main::main::1::x1@1!0&0#197| () (_ FloatingPoint 8 24) (fp #b0 #b00000000 #b00000001010101100111100))
  (define-fun |goto_symex::guard@0!0&0#197| () Bool true)
  (define-fun |c::main::main::1::x@1!0&0#198| () (_ FloatingPoint 8 24) (fp #b0 #b00000000 #b00000001010101100111100))
  (define-fun |c::main::main::1::x1@1!0&0#198| () (_ FloatingPoint 8 24) (fp #b0 #b00000000 #b00000000110101100000101))
  (define-fun |goto_symex::guard@0!0&0#198| () Bool true)
  (define-fun |c::main::main::1::x@1!0&0#199| () (_ FloatingPoint 8 24) (fp #b0 #b00000000 #b00000000110101100000101))
  (define-fun |c::main::main::1::x1@1!0&0#199| () (_ FloatingPoint 8 24) (fp #b0 #b00000000 #b00000000100001011100011))
  (define-fun |goto_symex::guard@0!0&0#199| () Bool true)
  (define-fun |c::main::main::1::x@1!0&0#200| () (_ FloatingPoint 8 24) (fp #b0 #b00000000 #b00000000100001011100011))
  (define-fun |c::main::main::1::x1@1!0&0#200| () (_ FloatingPoint 8 24) (fp #b0 #b00000000 #b00000000010100111001110))
  (define-fun |goto_symex::guard@0!0&0#200| () Bool true)
  (define-fun |c::main::main::1::x@1!0&0#201| () (_ FloatingPoint 8 24) (fp #b0 #b00000000 #b00000000010100111001110))
  (define-fun |c::main::main::1::x1@1!0&0#201| () (_ FloatingPoint 8 24) (fp #b0 #b00000000 #b00000000001101000100001))
  (define-fun |goto_symex::guard@0!0&0#201| () Bool true)
  (define-fun |c::main::main::1::x@1!0&0#202| () (_ FloatingPoint 8 24) (fp #b0 #b00000000 #b00000000001101000100001))
  (define-fun |c::main::main::1::x1@1!0&0#202| () (_ FloatingPoint 8 24) (fp #b0 #b00000000 #b00000000001000001010101))
  (define-fun |goto_symex::guard@0!0&0#202| () Bool true)
  (define-fun |c::main::main::1::x@1!0&0#203| () (_ FloatingPoint 8 24) (fp #b0 #b00000000 #b00000000001000001010101))
  (define-fun |c::main::main::1::x1@1!0&0#203| () (_ FloatingPoint 8 24) (fp #b0 #b00000000 #b00000000000101000110101))
  (define-fun |goto_symex::guard@0!0&0#203| () Bool true)
  (define-fun |c::main::main::1::x@1!0&0#204| () (_ FloatingPoint 8 24) (fp #b0 #b00000000 #b00000000000101000110101))
  (define-fun |c::main::main::1::x1@1!0&0#204| () (_ FloatingPoint 8 24) (fp #b0 #b00000000 #b00000000000011001100001))
  (define-fun |goto_symex::guard@0!0&0#204| () Bool true)
  (define-fun |c::main::main::1::x@1!0&0#205| () (_ FloatingPoint 8 24) (fp #b0 #b00000000 #b00000000000011001100001))
  (define-fun |c::main::main::1::x1@1!0&0#205| () (_ FloatingPoint 8 24) (fp #b0 #b00000000 #b00000000000001111111101))
  (define-fun |goto_symex::guard@0!0&0#205| () Bool true)
  (define-fun |c::main::main::1::x@1!0&0#206| () (_ FloatingPoint 8 24) (fp #b0 #b00000000 #b00000000000001111111101))
  (define-fun |c::main::main::1::x1@1!0&0#206| () (_ FloatingPoint 8 24) (fp #b0 #b00000000 #b00000000000001001111110))
  (define-fun |goto_symex::guard@0!0&0#206| () Bool true)
  (define-fun |c::main::main::1::x@1!0&0#207| () (_ FloatingPoint 8 24) (fp #b0 #b00000000 #b00000000000001001111110))
  (define-fun |c::main::main::1::x1@1!0&0#207| () (_ FloatingPoint 8 24) (fp #b0 #b00000000 #b00000000000000110001111))
  (define-fun |goto_symex::guard@0!0&0#207| () Bool true)
  (define-fun |c::main::main::1::x@1!0&0#208| () (_ FloatingPoint 8 24) (fp #b0 #b00000000 #b00000000000000110001111))
  (define-fun |c::main::main::1::x1@1!0&0#208| () (_ FloatingPoint 8 24) (fp #b0 #b00000000 #b00000000000000011111001))
  (define-fun |goto_symex::guard@0!0&0#208| () Bool true)
  (define-fun |c::main::main::1::x@1!0&0#209| () (_ FloatingPoint 8 24) (fp #b0 #b00000000 #b00000000000000011111001))
  (define-fun |c::main::main::1::x1@1!0&0#209| () (_ FloatingPoint 8 24) (fp #b0 #b00000000 #b00000000000000010011100))
  (define-fun |goto_symex::guard@0!0&0#209| () Bool true)
  (define-fun |c::main::main::1::x@1!0&0#210| () (_ FloatingPoint 8 24) (fp #b0 #b00000000 #b00000000000000010011100))
  (define-fun |c::main::main::1::x1@1!0&0#210| () (_ FloatingPoint 8 24) (fp #b0 #b00000000 #b00000000000000001100001))
  (define-fun |goto_symex::guard@0!0&0#210| () Bool true)
  (define-fun |c::main::main::1::x@1!0&0#211| () (_ FloatingPoint 8 24) (fp #b0 #b00000000 #b00000000000000001100001))
  (define-fun |c::main::main::1::x1@1!0&0#211| () (_ FloatingPoint 8 24) (fp #b0 #b00000000 #b00000000000000000111101))
  (define-fun |goto_symex::guard@0!0&0#211| () Bool true)
  (define-fun |c::main::main::1::x@1!0&0#212| () (_ FloatingPoint 8 24) (fp #b0 #b00000000 #b00000000000000000111101))
  (define-fun |c::main::main::1::x1@1!0&0#212| () (_ FloatingPoint 8 24) (fp #b0 #b00000000 #b00000000000000000100110))
  (define-fun |goto_symex::guard@0!0&0#212| () Bool true)
  (define-fun |c::main::main::1::x@1!0&0#213| () (_ FloatingPoint 8 24) (fp #b0 #b00000000 #b00000000000000000100110))
  (define-fun |c::main::main::1::x1@1!0&0#213| () (_ FloatingPoint 8 24) (fp #b0 #b00000000 #b00000000000000000011000))
  (define-fun |goto_symex::guard@0!0&0#213| () Bool true)
  (define-fun |c::main::main::1::x@1!0&0#214| () (_ FloatingPoint 8 24) (fp #b0 #b00000000 #b00000000000000000011000))
  (define-fun |c::main::main::1::x1@1!0&0#214| () (_ FloatingPoint 8 24) (fp #b0 #b00000000 #b00000000000000000001111))
  (define-fun |goto_symex::guard@0!0&0#214| () Bool true)
  (define-fun |c::main::main::1::x@1!0&0#215| () (_ FloatingPoint 8 24) (fp #b0 #b00000000 #b00000000000000000001111))
  (define-fun |c::main::main::1::x1@1!0&0#215| () (_ FloatingPoint 8 24) (fp #b0 #b00000000 #b00000000000000000001001))
  (define-fun |goto_symex::guard@0!0&0#215| () Bool true)
  (define-fun |c::main::main::1::x@1!0&0#216| () (_ FloatingPoint 8 24) (fp #b0 #b00000000 #b00000000000000000001001))
  (define-fun |c::main::main::1::x1@1!0&0#216| () (_ FloatingPoint 8 24) (fp #b0 #b00000000 #b00000000000000000000110))
  (define-fun |goto_symex::guard@0!0&0#216| () Bool true)
  (define-fun |c::main::main::1::x@1!0&0#217| () (_ FloatingPoint 8 24) (fp #b0 #b00000000 #b00000000000000000000110))
  (define-fun |c::main::main::1::x1@1!0&0#217| () (_ FloatingPoint 8 24) (fp #b0 #b00000000 #b00000000000000000000100))
  (define-fun |goto_symex::guard@0!0&0#217| () Bool true)
  (define-fun |c::main::main::1::x@1!0&0#218| () (_ FloatingPoint 8 24) (fp #b0 #b00000000 #b00000000000000000000100))
  (define-fun |c::main::main::1::x1@1!0&0#218| () (_ FloatingPoint 8 24) (fp #b0 #b00000000 #b00000000000000000000010))
  (define-fun |goto_symex::guard@0!0&0#218| () Bool true)
  (define-fun |c::main::main::1::x@1!0&0#219| () (_ FloatingPoint 8 24) (fp #b0 #b00000000 #b00000000000000000000010))
  (define-fun |c::main::main::1::x1@1!0&0#219| () (_ FloatingPoint 8 24) (fp #b0 #b00000000 #b00000000000000000000001))
  (define-fun |goto_symex::guard@0!0&0#219| () Bool true)
  (define-fun |c::main::main::1::x@1!0&0#220| () (_ FloatingPoint 8 24) (fp #b0 #b00000000 #b00000000000000000000001))
  (define-fun |c::main::main::1::x1@1!0&0#220| () (_ FloatingPoint 8 24) (fp #b0 #b00000000 #b00000000000000000000001))
  (define-fun |goto_symex::guard@0!0&0#220| () Bool false)
  (define-fun |c::main::main::1::x@1!0&0#222| () (_ FloatingPoint 8 24) (fp #b0 #b00000000 #b00000000000000000000001))
  (define-fun |c::main::main::1::x@1!0&0#223| () (_ FloatingPoint 8 24) (fp #b0 #b00000000 #b00000000000000000000001))
  (define-fun |c::main::main::1::x@1!0&0#224| () (_ FloatingPoint 8 24) (fp #b0 #b00000000 #b00000000000000000000001))
  (define-fun |c::main::main::1::x@1!0&0#225| () (_ FloatingPoint 8 24) (fp #b0 #b00000000 #b00000000000000000000001))
  (define-fun |c::main::main::1::x@1!0&0#226| () (_ FloatingPoint 8 24) (fp #b0 #b00000000 #b00000000000000000000001))
  (define-fun |c::main::main::1::x@1!0&0#227| () (_ FloatingPoint 8 24) (fp #b0 #b00000000 #b00000000000000000000001))
  (define-fun |c::main::main::1::x@1!0&0#228| () (_ FloatingPoint 8 24) (fp #b0 #b00000000 #b00000000000000000000001))
  (define-fun |c::main::main::1::x@1!0&0#229| () (_ FloatingPoint 8 24) (fp #b0 #b00000000 #b00000000000000000000001))
  (define-fun |c::main::main::1::x@1!0&0#230| () (_ FloatingPoint 8 24) (fp #b0 #b00000000 #b00000000000000000000001))
  (define-fun |c::main::main::1::x@1!0&0#231| () (_ FloatingPoint 8 24) (fp #b0 #b00000000 #b00000000000000000000001))
  (define-fun |c::main::main::1::x@1!0&0#232| () (_ FloatingPoint 8 24) (fp #b0 #b00000000 #b00000000000000000000001))
  (define-fun |c::main::main::1::x@1!0&0#233| () (_ FloatingPoint 8 24) (fp #b0 #b00000000 #b00000000000000000000001))
  (define-fun |c::main::main::1::x@1!0&0#234| () (_ FloatingPoint 8 24) (fp #b0 #b00000000 #b00000000000000000000001))
  (define-fun |c::main::main::1::x@1!0&0#235| () (_ FloatingPoint 8 24) (fp #b0 #b00000000 #b00000000000000000000001))
  (define-fun |c::main::main::1::x@1!0&0#236| () (_ FloatingPoint 8 24) (fp #b0 #b00000000 #b00000000000000000000001))
  (define-fun |c::main::main::1::x@1!0&0#237| () (_ FloatingPoint 8 24) (fp #b0 #b00000000 #b00000000000000000000001))
  (define-fun |c::main::main::1::x@1!0&0#238| () (_ FloatingPoint 8 24) (fp #b0 #b00000000 #b00000000000000000000001))
  (define-fun |c::main::main::1::x@1!0&0#239| () (_ FloatingPoint 8 24) (fp #b0 #b00000000 #b00000000000000000000001))
  (define-fun |c::main::main::1::x@1!0&0#240| () (_ FloatingPoint 8 24) (fp #b0 #b00000000 #b00000000000000000000001))
  (define-fun |c::main::main::1::x@1!0&0#241| () (_ FloatingPoint 8 24) (fp #b0 #b00000000 #b00000000000000000000001))
  (define-fun |c::main::main::1::x@1!0&0#242| () (_ FloatingPoint 8 24) (fp #b0 #b00000000 #b00000000000000000000001))
  (define-fun |c::main::main::1::x@1!0&0#243| () (_ FloatingPoint 8 24) (fp #b0 #b00000000 #b00000000000000000000001))
  (define-fun |c::main::main::1::x@1!0&0#244| () (_ FloatingPoint 8 24) (fp #b0 #b00000000 #b00000000000000000000001))
  (define-fun |c::main::main::1::x@1!0&0#245| () (_ FloatingPoint 8 24) (fp #b0 #b00000000 #b00000000000000000000001))
  (define-fun |c::main::main::1::x@1!0&0#246| () (_ FloatingPoint 8 24) (fp #b0 #b00000000 #b00000000000000000000001))
  (define-fun |c::main::main::1::x@1!0&0#247| () (_ FloatingPoint 8 24) (fp #b0 #b00000000 #b00000000000000000000001))
  (define-fun |c::main::main::1::x@1!0&0#248| () (_ FloatingPoint 8 24) (fp #b0 #b00000000 #b00000000000000000000001))
  (define-fun |c::main::main::1::x@1!0&0#249| () (_ FloatingPoint 8 24) (fp #b0 #b00000000 #b00000000000000000000001))
  (define-fun |c::main::main::1::x@1!0&0#250| () (_ FloatingPoint 8 24) (fp #b0 #b00000000 #b00000000000000000000001))
  (define-fun |c::main::main::1::x@1!0&0#251| () (_ FloatingPoint 8 24) (fp #b0 #b00000000 #b00000000000000000000001))
  (define-fun |c::main::main::1::x@1!0&0#252| () (_ FloatingPoint 8 24) (fp #b0 #b00000000 #b00000000000000000000001))
  (define-fun |c::main::main::1::x@1!0&0#253| () (_ FloatingPoint 8 24) (fp #b0 #b00000000 #b00000000000000000000001))
  (define-fun |c::main::main::1::x@1!0&0#254| () (_ FloatingPoint 8 24) (fp #b0 #b00000000 #b00000000000000000000001))
  (define-fun |c::main::main::1::x@1!0&0#255| () (_ FloatingPoint 8 24) (fp #b0 #b00000000 #b00000000000000000000001))
  (define-fun |c::main::main::1::x@1!0&0#256| () (_ FloatingPoint 8 24) (fp #b0 #b00000000 #b00000000000000000000001))
  (define-fun |c::main::main::1::x@1!0&0#257| () (_ FloatingPoint 8 24) (fp #b0 #b00000000 #b00000000000000000000001))
  (define-fun |c::main::main::1::x@1!0&0#258| () (_ FloatingPoint 8 24) (fp #b0 #b00000000 #b00000000000000000000001))
  (define-fun |c::main::main::1::x@1!0&0#259| () (_ FloatingPoint 8 24) (fp #b0 #b00000000 #b00000000000000000000001))
  (define-fun |c::main::main::1::x@1!0&0#260| () (_ FloatingPoint 8 24) (fp #b0 #b00000000 #b00000000000000000000001))
  (define-fun |c::main::main::1::x@1!0&0#261| () (_ FloatingPoint 8 24) (fp #b0 #b00000000 #b00000000000000000000001))
  (define-fun |c::main::main::1::x@1!0&0#262| () (_ FloatingPoint 8 24) (fp #b0 #b00000000 #b00000000000000000000001))
  (define-fun |c::main::main::1::x@1!0&0#263| () (_ FloatingPoint 8 24) (fp #b0 #b00000000 #b00000000000000000000001))
  (define-fun |c::main::main::1::x@1!0&0#264| () (_ FloatingPoint 8 24) (fp #b0 #b00000000 #b00000000000000000000001))
  (define-fun |c::main::main::1::x@1!0&0#265| () (_ FloatingPoint 8 24) (fp #b0 #b00000000 #b00000000000000000000001))
  (define-fun |c::main::main::1::x@1!0&0#266| () (_ FloatingPoint 8 24) (fp #b0 #b00000000 #b00000000000000000000001))
  (define-fun |c::main::main::1::x@1!0&0#267| () (_ FloatingPoint 8 24) (fp #b0 #b00000000 #b00000000000000000000001))
  (define-fun |c::main::main::1::x@1!0&0#268| () (_ FloatingPoint 8 24) (fp #b0 #b00000000 #b00000000000000000000001))
  (define-fun |c::main::main::1::x@1!0&0#269| () (_ FloatingPoint 8 24) (fp #b0 #b00000000 #b00000000000000000000001))
  (define-fun |c::main::main::1::x@1!0&0#270| () (_ FloatingPoint 8 24) (fp #b0 #b00000000 #b00000000000000000000001))
  (define-fun |c::main::main::1::x@1!0&0#271| () (_ FloatingPoint 8 24) (fp #b0 #b00000000 #b00000000000000000000001))
  (define-fun |c::main::main::1::x@1!0&0#272| () (_ FloatingPoint 8 24) (fp #b0 #b00000000 #b00000000000000000000001))
  (define-fun |c::main::main::1::x@1!0&0#273| () (_ FloatingPoint 8 24) (fp #b0 #b00000000 #b00000000000000000000001))
  (define-fun |c::main::main::1::x@1!0&0#274| () (_ FloatingPoint 8 24) (fp #b0 #b00000000 #b00000000000000000000001))
  (define-fun |c::main::main::1::x@1!0&0#275| () (_ FloatingPoint 8 24) (fp #b0 #b00000000 #b00000000000000000000001))
  (define-fun |c::main::main::1::x@1!0&0#276| () (_ FloatingPoint 8 24) (fp #b0 #b00000000 #b00000000000000000000001))
  (define-fun |c::main::main::1::x@1!0&0#277| () (_ FloatingPoint 8 24) (fp #b0 #b00000000 #b00000000000000000000001))
  (define-fun |c::main::main::1::x@1!0&0#278| () (_ FloatingPoint 8 24) (fp #b0 #b00000000 #b00000000000000000000001))
  (define-fun |c::main::main::1::x@1!0&0#279| () (_ FloatingPoint 8 24) (fp #b0 #b00000000 #b00000000000000000000001))
  (define-fun |c::main::main::1::x@1!0&0#280| () (_ FloatingPoint 8 24) (fp #b0 #b00000000 #b00000000000000000000001))
  (define-fun |c::main::main::1::x@1!0&0#281| () (_ FloatingPoint 8 24) (fp #b0 #b00000000 #b00000000000000000000001))
  (define-fun |c::main::main::1::x@1!0&0#282| () (_ FloatingPoint 8 24) (fp #b0 #b00000000 #b00000000000000000000001))
  (define-fun |c::main::main::1::x@1!0&0#283| () (_ FloatingPoint 8 24) (fp #b0 #b00000000 #b00000000000000000000001))
  (define-fun |c::main::main::1::x@1!0&0#284| () (_ FloatingPoint 8 24) (fp #b0 #b00000000 #b00000000000000000000001))
  (define-fun |c::main::main::1::x@1!0&0#285| () (_ FloatingPoint 8 24) (fp #b0 #b00000000 #b00000000000000000000001))
  (define-fun |c::main::main::1::x@1!0&0#286| () (_ FloatingPoint 8 24) (fp #b0 #b00000000 #b00000000000000000000001))
  (define-fun |c::main::main::1::x@1!0&0#287| () (_ FloatingPoint 8 24) (fp #b0 #b00000000 #b00000000000000000000001))
  (define-fun |c::main::main::1::x@1!0&0#288| () (_ FloatingPoint 8 24) (fp #b0 #b00000000 #b00000000000000000000001))
  (define-fun |c::main::main::1::x@1!0&0#289| () (_ FloatingPoint 8 24) (fp #b0 #b00000000 #b00000000000000000000001))
  (define-fun |c::main::main::1::x@1!0&0#290| () (_ FloatingPoint 8 24) (fp #b0 #b00000000 #b00000000000000000000001))
  (define-fun |c::main::main::1::x@1!0&0#291| () (_ FloatingPoint 8 24) (fp #b0 #b00000000 #b00000000000000000000001))
  (define-fun |c::main::main::1::x@1!0&0#292| () (_ FloatingPoint 8 24) (fp #b0 #b00000000 #b00000000000000000000001))
  (define-fun |c::main::main::1::x@1!0&0#293| () (_ FloatingPoint 8 24) (fp #b0 #b00000000 #b00000000000000000000001))
  (define-fun |c::main::main::1::x@1!0&0#294| () (_ FloatingPoint 8 24) (fp #b0 #b00000000 #b00000000000000000000001))
  (define-fun |c::main::main::1::x@1!0&0#295| () (_ FloatingPoint 8 24) (fp #b0 #b00000000 #b00000000000000000000001))
  (define-fun |c::main::main::1::x@1!0&0#296| () (_ FloatingPoint 8 24) (fp #b0 #b00000000 #b00000000000000000000001))
  (define-fun |c::main::main::1::x@1!0&0#297| () (_ FloatingPoint 8 24) (fp #b0 #b00000000 #b00000000000000000000001))
  (define-fun |c::main::main::1::x@1!0&0#298| () (_ FloatingPoint 8 24) (fp #b0 #b00000000 #b00000000000000000000001))
  (define-fun |c::main::main::1::x@1!0&0#299| () (_ FloatingPoint 8 24) (fp #b0 #b00000000 #b00000000000000000000001))
  (define-fun |c::main::main::1::x@1!0&0#300| () (_ FloatingPoint 8 24) (fp #b0 #b00000000 #b00000000000000000000001))
  (define-fun |c::main::main::1::x@1!0&0#301| () (_ FloatingPoint 8 24) (fp #b0 #b00000000 #b00000000000000000000001))
  (define-fun |c::main::main::1::x@1!0&0#302| () (_ FloatingPoint 8 24) (fp #b0 #b00000000 #b00000000000000000000001))
  (define-fun |c::main::main::1::x@1!0&0#303| () (_ FloatingPoint 8 24) (fp #b0 #b00000000 #b00000000000000000000001))
  (define-fun |c::main::main::1::x@1!0&0#304| () (_ FloatingPoint 8 24) (fp #b0 #b00000000 #b00000000000000000000001))
  (define-fun |c::main::main::1::x@1!0&0#305| () (_ FloatingPoint 8 24) (fp #b0 #b00000000 #b00000000000000000000001))
  (define-fun |c::main::main::1::x@1!0&0#306| () (_ FloatingPoint 8 24) (fp #b0 #b00000000 #b00000000000000000000001))
  (define-fun |c::main::main::1::x@1!0&0#307| () (_ FloatingPoint 8 24) (fp #b0 #b00000000 #b00000000000000000000001))
  (define-fun |c::main::main::1::x@1!0&0#308| () (_ FloatingPoint 8 24) (fp #b0 #b00000000 #b00000000000000000000001))
  (define-fun |c::main::main::1::x@1!0&0#309| () (_ FloatingPoint 8 24) (fp #b0 #b00000000 #b00000000000000000000001))
  (define-fun |c::main::main::1::x@1!0&0#310| () (_ FloatingPoint 8 24) (fp #b0 #b00000000 #b00000000000000000000001))
  (define-fun |c::main::main::1::x@1!0&0#311| () (_ FloatingPoint 8 24) (fp #b0 #b00000000 #b00000000000000000000001))
  (define-fun |c::main::main::1::x@1!0&0#312| () (_ FloatingPoint 8 24) (fp #b0 #b00000000 #b00000000000000000000001))
  (define-fun |c::main::main::1::x@1!0&0#313| () (_ FloatingPoint 8 24) (fp #b0 #b00000000 #b00000000000000000000001))
  (define-fun |c::main::main::1::x@1!0&0#314| () (_ FloatingPoint 8 24) (fp #b0 #b00000000 #b00000000000000000000001))
  (define-fun |c::main::main::1::x@1!0&0#315| () (_ FloatingPoint 8 24) (fp #b0 #b00000000 #b00000000000000000000001))
  (define-fun |c::main::main::1::x@1!0&0#316| () (_ FloatingPoint 8 24) (fp #b0 #b00000000 #b00000000000000000000001))
  (define-fun |c::main::main::1::x@1!0&0#317| () (_ FloatingPoint 8 24) (fp #b0 #b00000000 #b00000000000000000000001))
  (define-fun |c::main::main::1::x@1!0&0#318| () (_ FloatingPoint 8 24) (fp #b0 #b00000000 #b00000000000000000000001))
  (define-fun |c::main::main::1::x@1!0&0#319| () (_ FloatingPoint 8 24) (fp #b0 #b00000000 #b00000000000000000000001))
  (define-fun |c::main::main::1::x@1!0&0#320| () (_ FloatingPoint 8 24) (fp #b0 #b00000000 #b00000000000000000000001))
  (define-fun |c::main::main::1::x@1!0&0#321| () (_ FloatingPoint 8 24) (fp #b0 #b00000000 #b00000000000000000000001))
  (define-fun |c::main::main::1::x@1!0&0#322| () (_ FloatingPoint 8 24) (fp #b0 #b00000000 #b00000000000000000000001))
  (define-fun |c::main::main::1::x@1!0&0#323| () (_ FloatingPoint 8 24) (fp #b0 #b00000000 #b00000000000000000000001))
  (define-fun |c::main::main::1::x@1!0&0#324| () (_ FloatingPoint 8 24) (fp #b0 #b00000000 #b00000000000000000000001))
  (define-fun |c::main::main::1::x@1!0&0#325| () (_ FloatingPoint 8 24) (fp #b0 #b00000000 #b00000000000000000000001))
  (define-fun |c::main::main::1::x@1!0&0#326| () (_ FloatingPoint 8 24) (fp #b0 #b00000000 #b00000000000000000000001))
  (define-fun |c::main::main::1::x@1!0&0#327| () (_ FloatingPoint 8 24) (fp #b0 #b00000000 #b00000000000000000000001))
  (define-fun |c::main::main::1::x@1!0&0#328| () (_ FloatingPoint 8 24) (fp #b0 #b00000000 #b00000000000000000000001))
  (define-fun |c::main::main::1::x@1!0&0#329| () (_ FloatingPoint 8 24) (fp #b0 #b00000000 #b00000000000000000000001))
  (define-fun |c::main::main::1::x@1!0&0#330| () (_ FloatingPoint 8 24) (fp #b0 #b00000000 #b00000000000000000000001))
  (define-fun |c::main::main::1::x@1!0&0#331| () (_ FloatingPoint 8 24) (fp #b0 #b00000000 #b00000000000000000000001))
  (define-fun |c::main::main::1::x@1!0&0#332| () (_ FloatingPoint 8 24) (fp #b0 #b00000000 #b00000000000000000000001))
  (define-fun |c::main::main::1::x@1!0&0#333| () (_ FloatingPoint 8 24) (fp #b0 #b00000000 #b00000000000000000000001))
  (define-fun |c::main::main::1::x@1!0&0#334| () (_ FloatingPoint 8 24) (fp #b0 #b00000000 #b00000000000000000000001))
  (define-fun |c::main::main::1::x@1!0&0#335| () (_ FloatingPoint 8 24) (fp #b0 #b00000000 #b00000000000000000000001))
  (define-fun |c::main::main::1::x@1!0&0#336| () (_ FloatingPoint 8 24) (fp #b0 #b00000000 #b00000000000000000000001))
  (define-fun |c::main::main::1::x@1!0&0#337| () (_ FloatingPoint 8 24) (fp #b0 #b00000000 #b00000000000000000000001))
  (define-fun |c::main::main::1::x@1!0&0#338| () (_ FloatingPoint 8 24) (fp #b0 #b00000000 #b00000000000000000000001))
  (define-fun |c::main::main::1::x@1!0&0#339| () (_ FloatingPoint 8 24) (fp #b0 #b00000000 #b00000000000000000000001))
  (define-fun |c::main::main::1::x@1!0&0#340| () (_ FloatingPoint 8 24) (fp #b0 #b00000000 #b00000000000000000000001))
  (define-fun |c::main::main::1::x@1!0&0#341| () (_ FloatingPoint 8 24) (fp #b0 #b00000000 #b00000000000000000000001))
  (define-fun |c::main::main::1::x@1!0&0#342| () (_ FloatingPoint 8 24) (fp #b0 #b00000000 #b00000000000000000000001))
  (define-fun |c::main::main::1::x@1!0&0#343| () (_ FloatingPoint 8 24) (fp #b0 #b00000000 #b00000000000000000000001))
  (define-fun |c::main::main::1::x@1!0&0#344| () (_ FloatingPoint 8 24) (fp #b0 #b00000000 #b00000000000000000000001))
  (define-fun |c::main::main::1::x@1!0&0#345| () (_ FloatingPoint 8 24) (fp #b0 #b00000000 #b00000000000000000000001))
  (define-fun |c::main::main::1::x@1!0&0#346| () (_ FloatingPoint 8 24) (fp #b0 #b00000000 #b00000000000000000000001))
  (define-fun |c::main::main::1::x@1!0&0#347| () (_ FloatingPoint 8 24) (fp #b0 #b00000000 #b00000000000000000000001))
  (define-fun |c::main::main::1::x@1!0&0#348| () (_ FloatingPoint 8 24) (fp #b0 #b00000000 #b00000000000000000000001))
  (define-fun |c::main::main::1::x@1!0&0#349| () (_ FloatingPoint 8 24) (fp #b0 #b00000000 #b00000000000000000000001))
  (define-fun |c::main::main::1::x@1!0&0#350| () (_ FloatingPoint 8 24) (fp #b0 #b00000000 #b00000000000000000000001))
  (define-fun |c::main::main::1::x@1!0&0#351| () (_ FloatingPoint 8 24) (fp #b0 #b00000000 #b00000000000000000000001))
  (define-fun |c::main::main::1::x@1!0&0#352| () (_ FloatingPoint 8 24) (fp #b0 #b00000000 #b00000000000000000000001))
  (define-fun |c::main::main::1::x@1!0&0#353| () (_ FloatingPoint 8 24) (fp #b0 #b00000000 #b00000000000000000000001))
  (define-fun |c::main::main::1::x@1!0&0#354| () (_ FloatingPoint 8 24) (fp #b0 #b00000000 #b00000000000000000000001))
  (define-fun |c::main::main::1::x@1!0&0#355| () (_ FloatingPoint 8 24) (fp #b0 #b00000000 #b00000000000000000000001))
  (define-fun |c::main::main::1::x@1!0&0#356| () (_ FloatingPoint 8 24) (fp #b0 #b00000000 #b00000000000000000000001))
  (define-fun |c::main::main::1::x@1!0&0#357| () (_ FloatingPoint 8 24) (fp #b0 #b00000000 #b00000000000000000000001))
  (define-fun |c::main::main::1::x@1!0&0#358| () (_ FloatingPoint 8 24) (fp #b0 #b00000000 #b00000000000000000000001))
  (define-fun |c::main::main::1::x@1!0&0#359| () (_ FloatingPoint 8 24) (fp #b0 #b00000000 #b00000000000000000000001))
  (define-fun |c::main::main::1::x@1!0&0#360| () (_ FloatingPoint 8 24) (fp #b0 #b00000000 #b00000000000000000000001))
  (define-fun |c::main::main::1::x@1!0&0#361| () (_ FloatingPoint 8 24) (fp #b0 #b00000000 #b00000000000000000000001))
  (define-fun |c::main::main::1::x@1!0&0#362| () (_ FloatingPoint 8 24) (fp #b0 #b00000000 #b00000000000000000000001))
  (define-fun |c::main::main::1::x@1!0&0#363| () (_ FloatingPoint 8 24) (fp #b0 #b00000000 #b00000000000000000000001))
  (define-fun |c::main::main::1::x@1!0&0#364| () (_ FloatingPoint 8 24) (fp #b0 #b00000000 #b00000000000000000000001))
  (define-fun |c::main::main::1::x@1!0&0#365| () (_ FloatingPoint 8 24) (fp #b0 #b00000000 #b00000000000000000000001))
  (define-fun |c::main::main::1::x@1!0&0#366| () (_ FloatingPoint 8 24) (fp #b0 #b00000000 #b00000000000000000000001))
  (define-fun |c::main::main::1::x@1!0&0#367| () (_ FloatingPoint 8 24) (fp #b0 #b00000000 #b00000000000000000000001))
  (define-fun |c::main::main::1::x@1!0&0#368| () (_ FloatingPoint 8 24) (fp #b0 #b00000000 #b00000000000000000000001))
  (define-fun |c::main::main::1::x@1!0&0#369| () (_ FloatingPoint 8 24) (fp #b0 #b00000000 #b00000000000000000000001))
  (define-fun |c::main::main::1::x@1!0&0#370| () (_ FloatingPoint 8 24) (fp #b0 #b00000000 #b00000000000000000000001))
  (define-fun |c::main::main::1::x@1!0&0#371| () (_ FloatingPoint 8 24) (fp #b0 #b00000000 #b00000000000000000000001))
  (define-fun |c::main::main::1::x@1!0&0#372| () (_ FloatingPoint 8 24) (fp #b0 #b00000000 #b00000000000000000000001))
  (define-fun |c::main::main::1::x@1!0&0#373| () (_ FloatingPoint 8 24) (fp #b0 #b00000000 #b00000000000000000000001))
  (define-fun |c::main::main::1::x@1!0&0#374| () (_ FloatingPoint 8 24) (fp #b0 #b00000000 #b00000000000000000000001))
  (define-fun |c::main::main::1::x@1!0&0#375| () (_ FloatingPoint 8 24) (fp #b0 #b00000000 #b00000000000000000000001))
  (define-fun |c::main::main::1::x@1!0&0#376| () (_ FloatingPoint 8 24) (fp #b0 #b00000000 #b00000000000000000000001))
  (define-fun |c::main::main::1::x@1!0&0#377| () (_ FloatingPoint 8 24) (fp #b0 #b00000000 #b00000000000000000000001))
  (define-fun |c::main::main::1::x@1!0&0#378| () (_ FloatingPoint 8 24) (fp #b0 #b00000000 #b00000000000000000000001))
  (define-fun |c::main::main::1::x@1!0&0#379| () (_ FloatingPoint 8 24) (fp #b0 #b00000000 #b00000000000000000000001))
  (define-fun |c::main::main::1::x@1!0&0#380| () (_ FloatingPoint 8 24) (fp #b0 #b00000000 #b00000000000000000000001))
  (define-fun |c::main::main::1::x@1!0&0#381| () (_ FloatingPoint 8 24) (fp #b0 #b00000000 #b00000000000000000000001))
  (define-fun |c::main::main::1::x@1!0&0#382| () (_ FloatingPoint 8 24) (fp #b0 #b00000000 #b00000000000000000000001))
  (define-fun |c::main::main::1::x@1!0&0#383| () (_ FloatingPoint 8 24) (fp #b0 #b00000000 #b00000000000000000000001))
  (define-fun |c::main::main::1::x@1!0&0#384| () (_ FloatingPoint 8 24) (fp #b0 #b00000000 #b00000000000000000000001))
  (define-fun |c::main::main::1::x@1!0&0#385| () (_ FloatingPoint 8 24) (fp #b0 #b00000000 #b00000000000000000000001))
  (define-fun |c::main::main::1::x@1!0&0#386| () (_ FloatingPoint 8 24) (fp #b0 #b00000000 #b00000000000000000000001))
  (define-fun |c::main::main::1::x@1!0&0#387| () (_ FloatingPoint 8 24) (fp #b0 #b00000000 #b00000000000000000000001))
  (define-fun |c::main::main::1::x@1!0&0#388| () (_ FloatingPoint 8 24) (fp #b0 #b00000000 #b00000000000000000000001))
  (define-fun |c::main::main::1::x@1!0&0#389| () (_ FloatingPoint 8 24) (fp #b0 #b00000000 #b00000000000000000000001))
  (define-fun |c::main::main::1::x@1!0&0#390| () (_ FloatingPoint 8 24) (fp #b0 #b00000000 #b00000000000000000000001))
  (define-fun |c::main::main::1::x@1!0&0#391| () (_ FloatingPoint 8 24) (fp #b0 #b00000000 #b00000000000000000000001))
  (define-fun |c::main::main::1::x@1!0&0#392| () (_ FloatingPoint 8 24) (fp #b0 #b00000000 #b00000000000000000000001))
  (define-fun |c::main::main::1::x@1!0&0#393| () (_ FloatingPoint 8 24) (fp #b0 #b00000000 #b00000000000000000000001))
  (define-fun |c::main::main::1::x@1!0&0#394| () (_ FloatingPoint 8 24) (fp #b0 #b00000000 #b00000000000000000000001))
  (define-fun |c::main::main::1::x@1!0&0#395| () (_ FloatingPoint 8 24) (fp #b0 #b00000000 #b00000000000000000000001))
  (define-fun |c::main::main::1::x@1!0&0#396| () (_ FloatingPoint 8 24) (fp #b0 #b00000000 #b00000000000000000000001))
  (define-fun |c::main::main::1::x@1!0&0#397| () (_ FloatingPoint 8 24) (fp #b0 #b00000000 #b00000000000000000000001))
  (define-fun |c::main::main::1::x@1!0&0#398| () (_ FloatingPoint 8 24) (fp #b0 #b00000000 #b00000000000000000000001))
  (define-fun |c::main::main::1::x@1!0&0#399| () (_ FloatingPoint 8 24) (fp #b0 #b00000000 #b00000000000000000000001))
  (define-fun |c::main::main::1::x@1!0&0#400| () (_ FloatingPoint 8 24) (fp #b0 #b00000000 #b00000000000000000000001))
  (define-fun |c::main::main::1::x@1!0&0#401| () (_ FloatingPoint 8 24) (fp #b0 #b00000000 #b00000000000000000000001))
  (define-fun |c::main::main::1::x@1!0&0#402| () (_ FloatingPoint 8 24) (fp #b0 #b00000000 #b00000000000000000000001))
  (define-fun |c::main::main::1::x@1!0&0#403| () (_ FloatingPoint 8 24) (fp #b0 #b00000000 #b00000000000000000000001))
  (define-fun |c::main::main::1::x@1!0&0#404| () (_ FloatingPoint 8 24) (fp #b0 #b00000000 #b00000000000000000000001))
  (define-fun |c::main::main::1::x@1!0&0#405| () (_ FloatingPoint 8 24) (fp #b0 #b00000000 #b00000000000000000000001))
  (define-fun |c::main::main::1::x@1!0&0#406| () (_ FloatingPoint 8 24) (fp #b0 #b00000000 #b00000000000000000000001))
  (define-fun |c::main::main::1::x@1!0&0#407| () (_ FloatingPoint 8 24) (fp #b0 #b00000000 #b00000000000000000000001))
  (define-fun |c::main::main::1::x@1!0&0#408| () (_ FloatingPoint 8 24) (fp #b0 #b00000000 #b00000000000000000000001))
  (define-fun |c::main::main::1::x@1!0&0#409| () (_ FloatingPoint 8 24) (fp #b0 #b00000000 #b00000000000000000000001))
  (define-fun |c::main::main::1::x@1!0&0#410| () (_ FloatingPoint 8 24) (fp #b0 #b00000000 #b00000000000000000000001))
  (define-fun |c::main::main::1::x@1!0&0#411| () (_ FloatingPoint 8 24) (fp #b0 #b00000000 #b00000000000000000000001))
  (define-fun |c::main::main::1::x@1!0&0#412| () (_ FloatingPoint 8 24) (fp #b0 #b00000000 #b00000000000000000000001))
  (define-fun |c::main::main::1::x@1!0&0#413| () (_ FloatingPoint 8 24) (fp #b0 #b00000000 #b00000000000000000000001))
  (define-fun |c::main::main::1::x@1!0&0#414| () (_ FloatingPoint 8 24) (fp #b0 #b00000000 #b00000000000000000000001))
  (define-fun |c::main::main::1::x@1!0&0#415| () (_ FloatingPoint 8 24) (fp #b0 #b00000000 #b00000000000000000000001))
  (define-fun |c::main::main::1::x@1!0&0#416| () (_ FloatingPoint 8 24) (fp #b0 #b00000000 #b00000000000000000000001))
  (define-fun |c::main::main::1::x@1!0&0#417| () (_ FloatingPoint 8 24) (fp #b0 #b00000000 #b00000000000000000000001))
  (define-fun |c::main::main::1::x@1!0&0#418| () (_ FloatingPoint 8 24) (fp #b0 #b00000000 #b00000000000000000000001))
  (define-fun |c::main::main::1::x@1!0&0#419| () (_ FloatingPoint 8 24) (fp #b0 #b00000000 #b00000000000000000000001))
  (define-fun |c::main::main::1::x@1!0&0#420| () (_ FloatingPoint 8 24) (fp #b0 #b00000000 #b00000000000000000000001))
  (define-fun |c::main::main::1::x@1!0&0#421| () (_ FloatingPoint 8 24) (fp #b0 #b00000000 #b00000000000000000000001))
  (define-fun |c::main::main::1::x@1!0&0#422| () (_ FloatingPoint 8 24) (fp #b0 #b00000000 #b00000000000000000000001))
  (define-fun |c::main::main::1::x@1!0&0#423| () (_ FloatingPoint 8 24) (fp #b0 #b00000000 #b00000000000000000000001))
  (define-fun |c::main::main::1::x@1!0&0#424| () (_ FloatingPoint 8 24) (fp #b0 #b00000000 #b00000000000000000000001))
  (define-fun |c::main::main::1::x@1!0&0#425| () (_ FloatingPoint 8 24) (fp #b0 #b00000000 #b00000000000000000000001))
  (define-fun |c::main::main::1::x@1!0&0#426| () (_ FloatingPoint 8 24) (fp #b0 #b00000000 #b00000000000000000000001))
  (define-fun |c::main::main::1::x@1!0&0#427| () (_ FloatingPoint 8 24) (fp #b0 #b00000000 #b00000000000000000000001))
  (define-fun |c::main::main::1::x@1!0&0#428| () (_ FloatingPoint 8 24) (fp #b0 #b00000000 #b00000000000000000000001))
  (define-fun |c::main::main::1::x@1!0&0#429| () (_ FloatingPoint 8 24) (fp #b0 #b00000000 #b00000000000000000000001))
  (define-fun |c::main::main::1::x@1!0&0#430| () (_ FloatingPoint 8 24) (fp #b0 #b00000000 #b00000000000000000000001))
  (define-fun |c::main::main::1::x@1!0&0#431| () (_ FloatingPoint 8 24) (fp #b0 #b00000000 #b00000000000000000000001))
  (define-fun |c::main::main::1::x@1!0&0#432| () (_ FloatingPoint 8 24) (fp #b0 #b00000000 #b00000000000000000000001))
  (define-fun |c::main::main::1::x@1!0&0#433| () (_ FloatingPoint 8 24) (fp #b0 #b00000000 #b00000000000000000000001))
  (define-fun |c::main::main::1::x@1!0&0#434| () (_ FloatingPoint 8 24) (fp #b0 #b00000000 #b00000000000000000000001))
  (define-fun |c::main::main::1::x@1!0&0#435| () (_ FloatingPoint 8 24) (fp #b0 #b00000000 #b00000000000000000000001))
  (define-fun |c::main::main::1::x@1!0&0#436| () (_ FloatingPoint 8 24) (fp #b0 #b00000000 #b00000000000000000000001))
  (define-fun |c::main::main::1::x@1!0&0#437| () (_ FloatingPoint 8 24) (fp #b0 #b00000000 #b00000000000000000000001))
  (define-fun |c::main::main::1::x@1!0&0#438| () (_ FloatingPoint 8 24) (fp #b0 #b00000000 #b00000000000000000000001))
  (define-fun |c::main::main::1::x@1!0&0#439| () (_ FloatingPoint 8 24) (fp #b0 #b00000000 #b00000000000000000000001))
  (define-fun |c::main::main::1::x@1!0&0#440| () (_ FloatingPoint 8 24) (fp #b0 #b00000000 #b00000000000000000000001))
  (define-fun |c::main::main::1::x@1!0&0#441| () (_ FloatingPoint 8 24) (fp #b0 #b00000000 #b00000000000000000000001))
  (define-fun |execution_statet::\\guard_exec@0!0| () Bool true)
)
