1/20 griggio max fp: timeout
1/20 griggio max bvfp: unknown
1/20 griggio max bv: timeout
2/20 griggio max fp: timeout
2/20 griggio max bvfp: unknown
2/20 griggio max bv: error
3/20 griggio min fp: candidate
3/20 griggio min bvfp: candidate
3/20 griggio min bv: unknown
4/20 griggio min fp: timeout
4/20 griggio min bvfp: unknown
4/20 griggio min bv: unknown
5/20 heizmann max fp: candidate
5/20 heizmann max bvfp: candidate
5/20 heizmann max bv: unknown
6/20 heizmann max fp: timeout
6/20 heizmann max bvfp: unknown
6/20 heizmann max bv: error
7/20 heizmann min fp: timeout
7/20 heizmann min bvfp: unknown
7/20 heizmann min bv: error
8/20 heizmann min fp: candidate
8/20 heizmann min bvfp: candidate
8/20 heizmann min bv: unknown
9/20 ramalho max fp: timeout
9/20 ramalho max bvfp: candidate
9/20 ramalho max bv: timeout
10/20 ramalho max fp: candidate
10/20 ramalho max bvfp: candidate
10/20 ramalho max bv: timeout
11/20 ramalho min fp: candidate
11/20 ramalho min bvfp: candidate
11/20 ramalho min bv: timeout
12/20 ramalho min fp: candidate
12/20 ramalho min bvfp: candidate
12/20 ramalho min bv: timeout
13/20 schanda max fp: candidate
14/20 schanda max fp: candidate
15/20 schanda min fp: candidate
16/20 schanda min fp: candidate
17/20 wintersteiger max fp: candidate
18/20 wintersteiger max fp: candidate
19/20 wintersteiger min fp: candidate
20/20 wintersteiger min fp: candidate
Completed public benchmark diagnostic.
