13/20 schanda max fp: candidate
13/20 schanda max bvfp: candidate
13/20 schanda max bv: candidate
14/20 schanda max fp: candidate
14/20 schanda max bvfp: candidate
14/20 schanda max bv: candidate
15/20 schanda min fp: candidate
15/20 schanda min bvfp: candidate
15/20 schanda min bv: candidate
16/20 schanda min fp: candidate
16/20 schanda min bvfp: candidate
16/20 schanda min bv: candidate
17/20 wintersteiger max fp: candidate
17/20 wintersteiger max bvfp: candidate
17/20 wintersteiger max bv: candidate
18/20 wintersteiger max fp: candidate
18/20 wintersteiger max bvfp: unknown
18/20 wintersteiger max bv: unknown
19/20 wintersteiger min fp: candidate
19/20 wintersteiger min bvfp: candidate
19/20 wintersteiger min bv: candidate
20/20 wintersteiger min fp: candidate
20/20 wintersteiger min bvfp: candidate
20/20 wintersteiger min bv: candidate
Completed public benchmark diagnostic.
