Config         : jobshop_seeds  (timeout=600.0s, mem=4.0GB, serial+isolated, 40 instances)
Solvers        : ['z3', 'optimathsat', 'cbc', 'highs', 'scip', 'cbc-bigm', 'highs-bigm', 'scip-bigm', 'gurobi-bigm', 'cplex-bigm', 'highs-hull', 'gurobi-ind', 'cplex-ind', 'gecode', 'cpsat']
Resuming       : 318 (instance,solver) pairs already done
Runs to do     : 162

  [   1/162] B_jobshop_9_3          highs-hull   ERROR    obj=None 10.210s mem=0MB  ETA 23.2m
  [   2/162] B_jobshop_9_3          gurobi-ind   OPTIMAL  obj=60 0.313s mem=37MB  ETA 12.5m
  [   3/162] B_jobshop_9_3          cplex-ind    OPTIMAL  obj=60 11.404s mem=92MB  ETA 21.4m
  [   4/162] B_jobshop_9_3          gecode       OPTIMAL  obj=60 5.076s mem=35MB  ETA 19.5m
  [   5/162] B_jobshop_9_3          cpsat        OPTIMAL  obj=60 0.086s mem=91MB  ETA 17.4m
  [   6/162] B_jobshop_10_3         z3           OPTIMAL  obj=67 68.594s mem=64MB  ETA 42.8m
  [   7/162] B_jobshop_10_3         optimathsat  OPTIMAL  obj=67 36.448s mem=27MB  ETA 48.8m
  [   8/162] B_jobshop_10_3         cbc-bigm     OPTIMAL  obj=67 360.377s mem=233MB  ETA 154.0m
  [   9/162] B_jobshop_10_3         highs-bigm   OPTIMAL  obj=67 574.755s mem=161MB  ETA 293.1m
  [  10/162] B_jobshop_10_3         scip-bigm    TIMEOUT  obj=None 630.148s mem=0MB  ETA 413.7m
  [  11/162] B_jobshop_10_3         gurobi-bigm  OPTIMAL  obj=67 1.715s mem=63MB  ETA 375.0m
  [  12/162] B_jobshop_10_3         cplex-bigm   OPTIMAL  obj=67 272.446s mem=98MB  ETA 396.1m
  [  13/162] B_jobshop_10_3         highs-hull   ERROR    obj=None 456.159s mem=0MB  ETA 445.7m
  [  14/162] B_jobshop_10_3         gurobi-ind   OPTIMAL  obj=67 3.292s mem=40MB  ETA 411.8m
  [  15/162] B_jobshop_10_3         cplex-ind    OPTIMAL  obj=67 201.779s mem=118MB  ETA 413.6m
  [  16/162] B_jobshop_10_3         gecode       OPTIMAL  obj=67 139.463s mem=35MB  ETA 405.3m
  [  17/162] B_jobshop_10_3         cpsat        OPTIMAL  obj=67 0.006s mem=0MB  ETA 379.3m
  [  18/162] B_jobshop_9_4          z3           OPTIMAL  obj=49 4.495s mem=39MB  ETA 356.2m
  [  19/162] B_jobshop_9_4          optimathsat  OPTIMAL  obj=49 2.054s mem=13MB  ETA 335.4m
  [  20/162] B_jobshop_9_4          cbc-bigm     TIMEOUT  obj=None 630.115s mem=0MB  ETA 387.0m
  [  21/162] B_jobshop_9_4          highs-bigm   OPTIMAL  obj=49 37.683s mem=81MB  ETA 370.6m
  [  22/162] B_jobshop_9_4          scip-bigm    OPTIMAL  obj=49 451.656s mem=0MB  ETA 398.9m
  [  23/162] B_jobshop_9_4          gurobi-bigm  OPTIMAL  obj=49 0.215s mem=60MB  ETA 379.2m
  [  24/162] B_jobshop_9_4          cplex-bigm   OPTIMAL  obj=49 24.803s mem=66MB  ETA 363.6m
  [  25/162] B_jobshop_9_4          highs-hull   SAT      obj=49 600.774s mem=1418MB  ETA 401.8m
  [  26/162] B_jobshop_9_4          gurobi-ind   OPTIMAL  obj=49 0.078s mem=36MB  ETA 383.6m
  [  27/162] B_jobshop_9_4          cplex-ind    OPTIMAL  obj=49 28.280s mem=96MB  ETA 369.3m
  [  28/162] B_jobshop_9_4          gecode       OPTIMAL  obj=49 1.269s mem=35MB  ETA 353.6m
  [  29/162] B_jobshop_9_4          cpsat        OPTIMAL  obj=49 0.005s mem=0MB  ETA 339.1m
  [  30/162] B_jobshop_10_4         z3           OPTIMAL  obj=57 25.911s mem=49MB  ETA 327.3m
  [  31/162] B_jobshop_10_4         optimathsat  OPTIMAL  obj=57 30.876s mem=27MB  ETA 316.5m
  [  32/162] B_jobshop_10_4         cbc-bigm     TIMEOUT  obj=None 630.113s mem=0MB  ETA 346.9m
  [  33/162] B_jobshop_10_4         highs-bigm   SAT      obj=57 600.658s mem=265MB  ETA 373.2m
  [  34/162] B_jobshop_10_4         scip-bigm    SAT      obj=57 600.005s mem=0MB  ETA 397.5m
  [  35/162] B_jobshop_10_4         gurobi-bigm  OPTIMAL  obj=57 0.343s mem=61MB  ETA 383.4m
  [  36/162] B_jobshop_10_4         cplex-bigm   OPTIMAL  obj=57 269.438s mem=101MB  ETA 385.7m
  [  37/162] B_jobshop_10_4         highs-hull   SAT      obj=57 600.697s mem=1630MB  ETA 406.4m
  [  38/162] B_jobshop_10_4         gurobi-ind   OPTIMAL  obj=57 0.818s mem=38MB  ETA 392.6m
  [  39/162] B_jobshop_10_4         cplex-ind    SAT      obj=57 600.004s mem=218MB  ETA 411.2m
  [  40/162] B_jobshop_10_4         gecode       OPTIMAL  obj=57 34.237s mem=35MB  ETA 399.4m
  [  41/162] B_jobshop_10_4         cpsat        OPTIMAL  obj=57 0.004s mem=0MB  ETA 386.6m
  [  42/162] B_jobshop_9_5          z3           OPTIMAL  obj=53 3.829s mem=39MB  ETA 374.5m
  [  43/162] B_jobshop_9_5          optimathsat  OPTIMAL  obj=53 1.875s mem=13MB  ETA 362.8m
  [  44/162] B_jobshop_9_5          cbc-bigm     OPTIMAL  obj=53 21.464s mem=125MB  ETA 352.8m
  [  45/162] B_jobshop_9_5          highs-bigm   OPTIMAL  obj=53 58.108s mem=88MB  ETA 344.7m
  [  46/162] B_jobshop_9_5          scip-bigm    OPTIMAL  obj=53 271.163s mem=0MB  ETA 346.0m
  [  47/162] B_jobshop_9_5          gurobi-bigm  OPTIMAL  obj=53 1.206s mem=61MB  ETA 336.1m
  [  48/162] B_jobshop_9_5          cplex-bigm   OPTIMAL  obj=53 8.012s mem=64MB  ETA 326.7m
  [  49/162] B_jobshop_9_5          highs-hull   SAT      obj=53 601.114s mem=723MB  ETA 340.6m
  [  50/162] B_jobshop_9_5          gurobi-ind   OPTIMAL  obj=53 1.412s mem=38MB  ETA 330.9m
  [  51/162] B_jobshop_9_5          cplex-ind    OPTIMAL  obj=53 6.453s mem=92MB  ETA 321.9m
  [  52/162] B_jobshop_9_5          gecode       OPTIMAL  obj=53 2.674s mem=35MB  ETA 313.0m
  [  53/162] B_jobshop_9_5          cpsat        OPTIMAL  obj=53 0.007s mem=0MB  ETA 304.4m
  [  54/162] B_jobshop_10_5         z3           OPTIMAL  obj=59 74.349s mem=52MB  ETA 298.5m
  [  55/162] B_jobshop_10_5         optimathsat  OPTIMAL  obj=59 29.519s mem=24MB  ETA 291.3m
  [  56/162] B_jobshop_10_5         cbc-bigm     TIMEOUT  obj=None 630.171s mem=0MB  ETA 303.3m
  [  57/162] B_jobshop_10_5         highs-bigm   OPTIMAL  obj=59 462.689s mem=151MB  ETA 309.6m
  [  58/162] B_jobshop_10_5         scip-bigm    SAT      obj=59 600.006s mem=0MB  ETA 319.5m
  [  59/162] B_jobshop_10_5         gurobi-bigm  OPTIMAL  obj=59 3.972s mem=64MB  ETA 311.3m
  [  60/162] B_jobshop_10_5         cplex-bigm   OPTIMAL  obj=59 152.374s mem=80MB  ETA 307.6m
  [  61/162] B_jobshop_10_5         highs-hull   SAT      obj=59 600.951s mem=1147MB  ETA 316.3m
  [  62/162] B_jobshop_10_5         gurobi-ind   OPTIMAL  obj=59 11.205s mem=40MB  ETA 308.5m
  [  63/162] B_jobshop_10_5         cplex-ind    OPTIMAL  obj=59 139.435s mem=113MB  ETA 304.3m
  [  64/162] B_jobshop_10_5         gecode       OPTIMAL  obj=59 83.069s mem=35MB  ETA 298.6m
  [  65/162] B_jobshop_10_5         cpsat        OPTIMAL  obj=59 0.017s mem=0MB  ETA 291.2m
  [  66/162] B_jobshop_9_6          z3           OPTIMAL  obj=59 7.302s mem=39MB  ETA 284.0m
  [  67/162] B_jobshop_9_6          optimathsat  OPTIMAL  obj=59 4.436s mem=16MB  ETA 277.0m
  [  68/162] B_jobshop_9_6          cbc-bigm     OPTIMAL  obj=59 40.004s mem=125MB  ETA 271.2m
  [  69/162] B_jobshop_9_6          highs-bigm   OPTIMAL  obj=59 92.176s mem=84MB  ETA 266.6m
  [  70/162] B_jobshop_9_6          scip-bigm    OPTIMAL  obj=59 67.549s mem=0MB  ETA 261.6m
  [  71/162] B_jobshop_9_6          gurobi-bigm  OPTIMAL  obj=59 0.572s mem=60MB  ETA 255.2m
  [  72/162] B_jobshop_9_6          cplex-bigm   OPTIMAL  obj=59 2.391s mem=63MB  ETA 249.1m
  [  73/162] B_jobshop_9_6          highs-hull   SAT      obj=59 600.794s mem=651MB  ETA 255.3m
  [  74/162] B_jobshop_9_6          gurobi-ind   OPTIMAL  obj=59 0.479s mem=36MB  ETA 249.0m
  [  75/162] B_jobshop_9_6          cplex-ind    OPTIMAL  obj=59 3.737s mem=89MB  ETA 243.1m
  [  76/162] B_jobshop_9_6          gecode       OPTIMAL  obj=59 11.722s mem=35MB  ETA 237.4m
  [  77/162] B_jobshop_9_6          cpsat        OPTIMAL  obj=59 0.009s mem=0MB  ETA 231.6m
  [  78/162] B_jobshop_10_6         z3           OPTIMAL  obj=64 13.971s mem=42MB  ETA 226.2m
  [  79/162] B_jobshop_10_6         optimathsat  OPTIMAL  obj=64 18.943s mem=20MB  ETA 221.0m
  [  80/162] B_jobshop_10_6         cbc-bigm     OPTIMAL  obj=64 163.664s mem=156MB  ETA 218.6m
  [  81/162] B_jobshop_10_6         highs-bigm   SAT      obj=64 601.034s mem=138MB  ETA 223.3m
  [  82/162] B_jobshop_10_6         scip-bigm    SAT      obj=64 600.003s mem=0MB  ETA 227.7m
  [  83/162] B_jobshop_10_6         gurobi-bigm  OPTIMAL  obj=64 2.633s mem=64MB  ETA 222.3m
  [  84/162] B_jobshop_10_6         cplex-bigm   OPTIMAL  obj=64 9.821s mem=66MB  ETA 217.1m
  [  85/162] B_jobshop_10_6         highs-hull   SAT      obj=64 600.865s mem=765MB  ETA 221.0m
  [  86/162] B_jobshop_10_6         gurobi-ind   OPTIMAL  obj=64 1.428s mem=38MB  ETA 215.6m
  [  87/162] B_jobshop_10_6         cplex-ind    OPTIMAL  obj=64 19.316s mem=94MB  ETA 210.6m
  [  88/162] B_jobshop_10_6         gecode       OPTIMAL  obj=64 94.336s mem=36MB  ETA 206.8m
  [  89/162] B_jobshop_10_6         cpsat        OPTIMAL  obj=64 0.019s mem=0MB  ETA 201.8m
  [  90/162] B_jobshop_9_7          z3           OPTIMAL  obj=60 6.787s mem=39MB  ETA 196.9m
  [  91/162] B_jobshop_9_7          optimathsat  OPTIMAL  obj=60 2.175s mem=13MB  ETA 192.0m
  [  92/162] B_jobshop_9_7          cbc-bigm     OPTIMAL  obj=60 93.192s mem=153MB  ETA 188.5m
  [  93/162] B_jobshop_9_7          highs-bigm   OPTIMAL  obj=60 58.751s mem=83MB  ETA 184.6m
  [  94/162] B_jobshop_9_7          scip-bigm    OPTIMAL  obj=60 248.118s mem=0MB  ETA 183.1m
  [  95/162] B_jobshop_9_7          gurobi-bigm  OPTIMAL  obj=60 0.525s mem=60MB  ETA 178.6m
  [  96/162] B_jobshop_9_7          cplex-bigm   OPTIMAL  obj=60 9.962s mem=64MB  ETA 174.2m
  [  97/162] B_jobshop_9_7          highs-hull   OPTIMAL  obj=60 113.553s mem=108MB  ETA 171.1m
  [  98/162] B_jobshop_9_7          gurobi-ind   OPTIMAL  obj=60 0.204s mem=36MB  ETA 166.8m
  [  99/162] B_jobshop_9_7          cplex-ind    OPTIMAL  obj=60 13.030s mem=93MB  ETA 162.7m
  [ 100/162] B_jobshop_9_7          gecode       OPTIMAL  obj=60 6.888s mem=35MB  ETA 158.6m
  [ 101/162] B_jobshop_9_7          cpsat        OPTIMAL  obj=60 0.004s mem=0MB  ETA 154.5m
  [ 102/162] B_jobshop_10_7         z3           OPTIMAL  obj=64 70.200s mem=57MB  ETA 151.2m
  [ 103/162] B_jobshop_10_7         optimathsat  OPTIMAL  obj=64 42.258s mem=26MB  ETA 147.6m
  [ 104/162] B_jobshop_10_7         cbc-bigm     TIMEOUT  obj=None 630.124s mem=0MB  ETA 149.6m
  [ 105/162] B_jobshop_10_7         highs-bigm   OPTIMAL  obj=64 550.180s mem=134MB  ETA 150.7m
  [ 106/162] B_jobshop_10_7         scip-bigm    SAT      obj=64 600.011s mem=0MB  ETA 152.0m
  [ 107/162] B_jobshop_10_7         gurobi-bigm  OPTIMAL  obj=64 0.873s mem=61MB  ETA 147.9m
  [ 108/162] B_jobshop_10_7         cplex-bigm   OPTIMAL  obj=64 227.874s mem=88MB  ETA 145.8m
  [ 109/162] B_jobshop_10_7         highs-hull   SAT      obj=64 600.793s mem=669MB  ETA 146.7m
  [ 110/162] B_jobshop_10_7         gurobi-ind   OPTIMAL  obj=64 2.539s mem=40MB  ETA 142.7m
  [ 111/162] B_jobshop_10_7         cplex-ind    OPTIMAL  obj=64 81.593s mem=111MB  ETA 139.3m
  [ 112/162] B_jobshop_10_7         gecode       OPTIMAL  obj=64 121.474s mem=35MB  ETA 136.3m
  [ 113/162] B_jobshop_10_7         cpsat        OPTIMAL  obj=64 0.029s mem=0MB  ETA 132.4m
  [ 114/162] B_jobshop_9_8          z3           OPTIMAL  obj=58 2.122s mem=38MB  ETA 128.6m
  [ 115/162] B_jobshop_9_8          optimathsat  OPTIMAL  obj=58 3.629s mem=17MB  ETA 124.8m
  [ 116/162] B_jobshop_9_8          cbc-bigm     OPTIMAL  obj=58 50.977s mem=125MB  ETA 121.5m
  [ 117/162] B_jobshop_9_8          highs-bigm   OPTIMAL  obj=58 31.234s mem=80MB  ETA 118.1m
  [ 118/162] B_jobshop_9_8          scip-bigm    OPTIMAL  obj=58 148.679s mem=0MB  ETA 115.4m
  [ 119/162] B_jobshop_9_8          gurobi-bigm  OPTIMAL  obj=58 0.377s mem=60MB  ETA 111.9m
  [ 120/162] B_jobshop_9_8          cplex-bigm   OPTIMAL  obj=58 3.430s mem=64MB  ETA 108.4m
  [ 121/162] B_jobshop_9_8          highs-hull   SAT      obj=58 600.879s mem=512MB  ETA 108.4m
  [ 122/162] B_jobshop_9_8          gurobi-ind   OPTIMAL  obj=58 0.134s mem=36MB  ETA 104.9m
  [ 123/162] B_jobshop_9_8          cplex-ind    OPTIMAL  obj=58 7.133s mem=92MB  ETA 101.5m
  [ 124/162] B_jobshop_9_8          gecode       OPTIMAL  obj=58 2.331s mem=35MB  ETA 98.1m
  [ 125/162] B_jobshop_9_8          cpsat        OPTIMAL  obj=58 0.004s mem=0MB  ETA 94.8m
  [ 126/162] B_jobshop_10_8         z3           OPTIMAL  obj=63 65.814s mem=55MB  ETA 91.8m
  [ 127/162] B_jobshop_10_8         optimathsat  OPTIMAL  obj=63 65.024s mem=28MB  ETA 88.8m
  [ 128/162] B_jobshop_10_8         cbc-bigm     OPTIMAL  obj=63 312.781s mem=212MB  ETA 87.0m
  [ 129/162] B_jobshop_10_8         highs-bigm   OPTIMAL  obj=63 409.099s mem=142MB  ETA 85.6m
  [ 130/162] B_jobshop_10_8         scip-bigm    SAT      obj=63 600.009s mem=0MB  ETA 84.8m
  [ 131/162] B_jobshop_10_8         gurobi-bigm  OPTIMAL  obj=63 3.643s mem=66MB  ETA 81.6m
  [ 132/162] B_jobshop_10_8         cplex-bigm   OPTIMAL  obj=63 41.972s mem=68MB  ETA 78.5m
  [ 133/162] B_jobshop_10_8         highs-hull   SAT      obj=63 600.895s mem=997MB  ETA 77.6m
  [ 134/162] B_jobshop_10_8         gurobi-ind   OPTIMAL  obj=63 2.934s mem=39MB  ETA 74.3m
  [ 135/162] B_jobshop_10_8         cplex-ind    OPTIMAL  obj=63 107.786s mem=107MB  ETA 71.5m
  [ 136/162] B_jobshop_10_8         gecode       OPTIMAL  obj=63 34.852s mem=35MB  ETA 68.5m
  [ 137/162] B_jobshop_10_8         cpsat        OPTIMAL  obj=63 0.037s mem=0MB  ETA 65.4m
  [ 138/162] B_jobshop_8_9          cpsat        OPTIMAL  obj=46 0.004s mem=0MB  ETA 62.3m
  [ 139/162] B_jobshop_9_9          z3           OPTIMAL  obj=53 6.682s mem=40MB  ETA 59.3m
  [ 140/162] B_jobshop_9_9          optimathsat  OPTIMAL  obj=53 2.790s mem=14MB  ETA 56.3m
  [ 141/162] B_jobshop_9_9          cbc-bigm     OPTIMAL  obj=53 84.989s mem=138MB  ETA 53.6m
  [ 142/162] B_jobshop_9_9          highs-bigm   OPTIMAL  obj=53 68.020s mem=85MB  ETA 50.9m
  [ 143/162] B_jobshop_9_9          scip-bigm    SAT      obj=53 600.426s mem=0MB  ETA 49.3m
  [ 144/162] B_jobshop_9_9          gurobi-bigm  OPTIMAL  obj=53 0.161s mem=60MB  ETA 46.4m
  [ 145/162] B_jobshop_9_9          cplex-bigm   OPTIMAL  obj=53 11.896s mem=65MB  ETA 43.6m
  [ 146/162] B_jobshop_9_9          highs-hull   SAT      obj=53 601.816s mem=713MB  ETA 41.8m
  [ 147/162] B_jobshop_9_9          gurobi-ind   OPTIMAL  obj=53 0.101s mem=36MB  ETA 39.0m
  [ 148/162] B_jobshop_9_9          cplex-ind    OPTIMAL  obj=53 45.304s mem=97MB  ETA 36.2m
  [ 149/162] B_jobshop_9_9          gecode       OPTIMAL  obj=53 11.897s mem=35MB  ETA 33.4m
  [ 150/162] B_jobshop_9_9          cpsat        OPTIMAL  obj=53 0.012s mem=0MB  ETA 30.6m
  [ 151/162] B_jobshop_10_9         z3           OPTIMAL  obj=61 68.081s mem=65MB  ETA 28.0m
  [ 152/162] B_jobshop_10_9         optimathsat  OPTIMAL  obj=61 75.848s mem=30MB  ETA 25.4m
  [ 153/162] B_jobshop_10_9         cbc-bigm     TIMEOUT  obj=None 630.020s mem=0MB  ETA 23.3m
  [ 154/162] B_jobshop_10_9         highs-bigm   ERROR    obj=None 124.717s mem=0MB  ETA 20.7m
  [ 155/162] B_jobshop_10_9         scip-bigm    SAT      obj=61 606.408s mem=0MB  ETA 18.4m
  [ 156/162] B_jobshop_10_9         gurobi-bigm  OPTIMAL  obj=61 0.971s mem=61MB  ETA 15.7m
  [ 157/162] B_jobshop_10_9         cplex-bigm   OPTIMAL  obj=61 40.905s mem=68MB  ETA 13.0m
  [ 158/162] B_jobshop_10_9         highs-hull   SAT      obj=61 607.563s mem=1302MB  ETA 10.6m
  [ 159/162] B_jobshop_10_9         gurobi-ind   OPTIMAL  obj=61 0.957s mem=38MB  ETA 7.9m
  [ 160/162] B_jobshop_10_9         cplex-ind    OPTIMAL  obj=61 264.384s mem=140MB  ETA 5.3m
  [ 161/162] B_jobshop_10_9         gecode       OPTIMAL  obj=61 322.781s mem=35MB  ETA 2.7m
  [ 162/162] B_jobshop_10_9         cpsat        OPTIMAL  obj=61 0.030s mem=0MB  ETA 0.0m

=== correctness cross-check (proven optima must agree) ===
  OK: all 40 multi-solver instances agree on the optimum.

Wrote results.csv / results.json (480 runs) to runs/jobshop_seeds/
